Component: ARM Compiler 6.7 Tool: armlink [5c9ef700]

==============================================================================

Image Symbol Table

    Local Symbols

    Symbol Name                              Value     Ov Type        Size  Object(Section)

    RESET                                    0x00000000   Section      192  startup_hc32f005.o(RESET)
    ../clib/microlib/ctype/ctype.c           0x00000000   Number         0  ispunct_o.o ABSOLUTE
    ../clib/microlib/ctype/ctype.c           0x00000000   Number         0  isupper_o.o ABSOLUTE
    ../clib/microlib/ctype/ctype.c           0x00000000   Number         0  isgraph_o.o ABSOLUTE
    ../clib/microlib/ctype/ctype.c           0x00000000   Number         0  isspace_c.o ABSOLUTE
    ../clib/microlib/ctype/ctype.c           0x00000000   Number         0  isdigit_o.o ABSOLUTE
    ../clib/microlib/ctype/ctype.c           0x00000000   Number         0  iscntrl_o.o ABSOLUTE
    ../clib/microlib/ctype/ctype.c           0x00000000   Number         0  islower_o.o ABSOLUTE
    ../clib/microlib/ctype/ctype.c           0x00000000   Number         0  isblank_o.o ABSOLUTE
    ../clib/microlib/ctype/ctype.c           0x00000000   Number         0  ctype_o.o ABSOLUTE
    ../clib/microlib/ctype/ctype.c           0x00000000   Number         0  isxdigit_o.o ABSOLUTE
    ../clib/microlib/ctype/ctype.c           0x00000000   Number         0  isalpha_o.o ABSOLUTE
    ../clib/microlib/ctype/ctype.c           0x00000000   Number         0  isspace_o.o ABSOLUTE
    ../clib/microlib/ctype/ctype.c           0x00000000   Number         0  isalnum_o.o ABSOLUTE
    ../clib/microlib/ctype/ctype.c           0x00000000   Number         0  isprint_o.o ABSOLUTE
    ../clib/microlib/ctype/ctype.c           0x00000000   Number         0  ctype_c.o ABSOLUTE
    ../clib/microlib/ctype/tolower.c         0x00000000   Number         0  tolower.o ABSOLUTE
    ../clib/microlib/division.c              0x00000000   Number         0  uldiv.o ABSOLUTE
    ../clib/microlib/division.c              0x00000000   Number         0  uidiv.o ABSOLUTE
    ../clib/microlib/errno.c                 0x00000000   Number         0  errno.o ABSOLUTE
    ../clib/microlib/init/entry.s            0x00000000   Number         0  entry2.o ABSOLUTE
    ../clib/microlib/init/entry.s            0x00000000   Number         0  entry10b.o ABSOLUTE
    ../clib/microlib/init/entry.s            0x00000000   Number         0  entry11a.o ABSOLUTE
    ../clib/microlib/init/entry.s            0x00000000   Number         0  entry5.o ABSOLUTE
    ../clib/microlib/init/entry.s            0x00000000   Number         0  entry7a.o ABSOLUTE
    ../clib/microlib/init/entry.s            0x00000000   Number         0  entry7b.o ABSOLUTE
    ../clib/microlib/init/entry.s            0x00000000   Number         0  entry.o ABSOLUTE
    ../clib/microlib/init/entry.s            0x00000000   Number         0  entry10a.o ABSOLUTE
    ../clib/microlib/init/entry.s            0x00000000   Number         0  entry8b.o ABSOLUTE
    ../clib/microlib/init/entry.s            0x00000000   Number         0  entry9b.o ABSOLUTE
    ../clib/microlib/init/entry.s            0x00000000   Number         0  entry9a.o ABSOLUTE
    ../clib/microlib/init/entry.s            0x00000000   Number         0  entry8a.o ABSOLUTE
    ../clib/microlib/init/entry.s            0x00000000   Number         0  entry11b.o ABSOLUTE
    ../clib/microlib/longlong.c              0x00000000   Number         0  llmul.o ABSOLUTE
    ../clib/microlib/longlong.c              0x00000000   Number         0  llshl.o ABSOLUTE
    ../clib/microlib/longlong.c              0x00000000   Number         0  llsshr.o ABSOLUTE
    ../clib/microlib/longlong.c              0x00000000   Number         0  llushr.o ABSOLUTE
    ../clib/microlib/printf/printf.c         0x00000000   Number         0  printfa.o ABSOLUTE
    ../clib/microlib/printf/printf.c         0x00000000   Number         0  printf8.o ABSOLUTE
    ../clib/microlib/printf/printf.c         0x00000000   Number         0  printf7.o ABSOLUTE
    ../clib/microlib/printf/printf.c         0x00000000   Number         0  printf6.o ABSOLUTE
    ../clib/microlib/printf/printf.c         0x00000000   Number         0  printf4.o ABSOLUTE
    ../clib/microlib/printf/printf.c         0x00000000   Number         0  printf3.o ABSOLUTE
    ../clib/microlib/printf/printf.c         0x00000000   Number         0  printf2.o ABSOLUTE
    ../clib/microlib/printf/printf.c         0x00000000   Number         0  printf1.o ABSOLUTE
    ../clib/microlib/printf/printf.c         0x00000000   Number         0  printf0.o ABSOLUTE
    ../clib/microlib/printf/printf.c         0x00000000   Number         0  printfb.o ABSOLUTE
    ../clib/microlib/printf/printf.c         0x00000000   Number         0  printf5.o ABSOLUTE
    ../clib/microlib/printf/stubs.s          0x00000000   Number         0  stubs.o ABSOLUTE
[...]
    __arm_cp.0_20                            0x00001b24   Number         4  cmd_help.o(.text.Help_Parse)
    __arm_cp.0_21                            0x00001b28   Number         4  cmd_help.o(.text.Help_Parse)
    __arm_cp.0_22                            0x00001b2c   Number         4  cmd_help.o(.text.Help_Parse)
    __arm_cp.0_23                            0x00001b30   Number         4  cmd_help.o(.text.Help_Parse)
    __arm_cp.0_24                            0x00001b34   Number         4  cmd_help.o(.text.Help_Parse)
    __arm_cp.0_25                            0x00001b38   Number         4  cmd_help.o(.text.Help_Parse)
    __arm_cp.0_26                            0x00001b3c   Number         4  cmd_help.o(.text.Help_Parse)
    __arm_cp.0_27                            0x00001b40   Number         4  cmd_help.o(.text.Help_Parse)
    __arm_cp.0_28                            0x00001b44   Number         4  cmd_help.o(.text.Help_Parse)
    __arm_cp.0_30                            0x00001b5c   Number         4  cmd_help.o(.text.Help_Parse)
    __arm_cp.0_31                            0x00001b60   Number         4  cmd_help.o(.text.Help_Parse)
    [Anonymous Symbol]                       0x00001bcc   Section        0  interrupts_hc32f005.o(.text.I2C_IRQHandler)
    [Anonymous Symbol]                       0x00001bd4   Section        0  instruction_manager.o(.text.Instruction_GetSpeed)
    [Anonymous Symbol]                       0x00001bdc   Section        0  instruction_manager.o(.text.Instruction_Init)
    __arm_cp.15_1                            0x00001de8   Number         4  instruction_manager.o(.text.Instruction_Init)
    __arm_cp.15_2                            0x00001dec   Number         4  instruction_manager.o(.text.Instruction_Init)
    __arm_cp.15_3                            0x00001df0   Number         4  instruction_manager.o(.text.Instruction_Init)
    __arm_cp.15_4                            0x00001df4   Number         4  instruction_manager.o(.text.Instruction_Init)
    __arm_cp.15_5                            0x00001df8   Number         4  instruction_manager.o(.text.Instruction_Init)
    __arm_cp.15_6                            0x00001dfc   Number         4  instruction_manager.o(.text.Instruction_Init)
    __arm_cp.15_7                            0x00001e00   Number         4  instruction_manager.o(.text.Instruction_Init)
    __arm_cp.15_8                            0x00001e04   Number         4  instruction_manager.o(.text.Instruction_Init)
    __arm_cp.15_9                            0x00001e08   Number         4  instruction_manager.o(.text.Instruction_Init)
    __arm_cp.15_10                           0x00001e0c   Number         4  instruction_manager.o(.text.Instruction_Init)
    [Anonymous Symbol]                       0x00001e10   Section        0  instruction_manager.o(.text.Instruction_Loop)
    [Anonymous Symbol]                       0x00001e40   Section        0  instruction_manager.o(.text.Instruction_Parse)
    __arm_cp.18_0                            0x00001f38   Number         4  instruction_manager.o(.text.Instruction_Parse)
    [Anonymous Symbol]                       0x00001f50   Section        0  instruction_manager.o(.text.Instruction_SetMode)
    [Anonymous Symbol]                       0x00001f58   Section        0  instruction_manager.o(.text.Instruction_SetSpeed)
    __arm_cp.22_0                            0x00001f60   Number         4  instruction_manager.o(.text.Instruction_SetSpeed)
    [Anonymous Symbol]                       0x00001f64   Section        0  interrupts_hc32f005.o(.text.LVD_IRQHandler)
    [Anonymous Symbol]                       0x00001f6c   Section        0  instruction_manager.o(.text.Miku_Adc_ReadRaw)
    __arm_cp.11_0                            0x00001fa4   Number         4  instruction_manager.o(.text.Miku_Adc_ReadRaw)
    [Anonymous Symbol]                       0x00001fa8   Section        0  instruction_manager.o(.text.Miku_Adc_ReadVoltage)
    __arm_cp.12_0                            0x00001fc0   Number         4  instruction_manager.o(.text.Miku_Adc_ReadVoltage)
    __arm_cp.12_1                            0x00001fc4   Number         4  instruction_manager.o(.text.Miku_Adc_ReadVoltage)
    [Anonymous Symbol]                       0x00001fc8   Section        0  instruction_manager.o(.text.Miku_Buzzer_SetEnable)
    [Anonymous Symbol]                       0x00002040   Section        0  instruction_manager.o(.text.Miku_Buzzer_SetVolume)
    __arm_cp.10_0                            0x00002060   Number         4  instruction_manager.o(.text.Miku_Buzzer_SetVolume)
    [Anonymous Symbol]                       0x00002064   Section        0  instruction_manager.o(.text.Miku_DelayMs)
    [Anonymous Symbol]                       0x0000206c   Section        0  instruction_manager.o(.text.Miku_GetTick)
    __arm_cp.0_0                             0x00002074   Number         4  instruction_manager.o(.text.Miku_GetTick)
    [Anonymous Symbol]                       0x00002078   Section        0  instruction_manager.o(.text.Miku_GpioOutInit)
    Miku_GpioOutInit                         0x00002079   Thumb Code    54  instruction_manager.o(.text.Miku_GpioOutInit)
    [Anonymous Symbol]                       0x000020ae   Section        0  instruction_manager.o(.text.Miku_Motor_SetDirectionCcw)
    [Anonymous Symbol]                       0x000020c4   Section        0  instruction_manager.o(.text.Miku_Motor_SetSpeedPercent)
    __arm_cp.4_0                             0x00002160   Number         4  instruction_manager.o(.text.Miku_Motor_SetSpeedPercent)
    __arm_cp.4_1                             0x00002164   Number         4  instruction_manager.o(.text.Miku_Motor_SetSpeedPercent)
    [Anonymous Symbol]                       0x00002168   Section        0  instruction_manager.o(.text.Miku_Motor_SetStop)
    [Anonymous Symbol]                       0x0000217c   Section        0  instruction_manager.o(.text.Miku_PwmApplySchedule)
    Miku_PwmApplySchedule                    0x0000217d   Thumb Code    44  instruction_manager.o(.text.Miku_PwmApplySchedule)
    __arm_cp.25_0                            0x0000219c   Number         4  instruction_manager.o(.text.Miku_PwmApplySchedule)
    __arm_cp.25_1                            0x000021a0   Number         4  instruction_manager.o(.text.Miku_PwmApplySchedule)
    [Anonymous Symbol]                       0x000021a4   Section        0  instruction_manager.o(.text.Miku_PwmChanSetEnable)
    Miku_PwmChanSetEnable                    0x000021a5   Thumb Code    70  instruction_manager.o(.text.Miku_PwmChanSetEnable)
    [Anonymous Symbol]                       0x000021ec   Section        0  instruction_manager.o(.text.Miku_PwmLock)
    Miku_PwmLock                             0x000021ed   Thumb Code    40  instruction_manager.o(.text.Miku_PwmLock)
    [Anonymous Symbol]                       0x00002210   Section        0  instruction_manager.o(.text.Miku_PwmRecalcAndApply)
    Miku_PwmRecalcAndApply                   0x00002211   Thumb Code    84  instruction_manager.o(.text.Miku_PwmRecalcAndApply)
    __arm_cp.7_0                             0x00002258   Number         4  instruction_manager.o(.text.Miku_PwmRecalcAndApply)
    __arm_cp.7_2                             0x0000225c   Number         4  instruction_manager.o(.text.Miku_PwmRecalcAndApply)
    [Anonymous Symbol]                       0x00002260   Section        0  instruction_manager.o(.text.Miku_PwmUnlock)
    Miku_PwmUnlock                           0x00002261   Thumb Code    44  instruction_manager.o(.text.Miku_PwmUnlock)
    __arm_cp.8_0                             0x00002288   Number         4  instruction_manager.o(.text.Miku_PwmUnlock)
    [Anonymous Symbol]                       0x0000228c   Section        0  interrupts_hc32f005.o(.text.PCA_IRQHandler)
    [Anonymous Symbol]                       0x00002294   Section        0  interrupts_hc32f005.o(.text.PCNT_IRQHandler)
    [Anonymous Symbol]                       0x0000229c   Section        0  interrupts_hc32f005.o(.text.PORT0_IRQHandler)
    [Anonymous Symbol]                       0x000022a4   Section        0  interrupts_hc32f005.o(.text.PORT1_IRQHandler)
    [Anonymous Symbol]                       0x000022ac   Section        0  interrupts_hc32f005.o(.text.PORT2_IRQHandler)
    [Anonymous Symbol]                       0x000022b4   Section        0  interrupts_hc32f005.o(.text.PORT3_IRQHandler)
    [Anonymous Symbol]                       0x000022bc   Section        0  cmd_ramp.o(.text.Parse_Ramp_Time)
    Parse_Ramp_Time                          0x000022bd   Thumb Code    32  cmd_ramp.o(.text.Parse_Ramp_Time)
    __arm_cp.1_0                             0x000022d8   Number         4  cmd_ramp.o(.text.Parse_Ramp_Time)
    [Anonymous Symbol]                       0x000022dc   Section        0  main.o(.text.Port0_IRQHandler)
    __arm_cp.8_0                             0x00002318   Number         4  main.o(.text.Port0_IRQHandler)
    [Anonymous Symbol]                       0x0000231c   Section        0  cmd_ramp.o(.text.Ramp_Parse)
    __arm_cp.0_0                             0x00002454   Number         4  cmd_ramp.o(.text.Ramp_Parse)
    __arm_cp.0_1                             0x00002458   Number         4  cmd_ramp.o(.text.Ramp_Parse)
    __arm_cp.0_2                             0x0000245c   Number         4  cmd_ramp.o(.text.Ramp_Parse)
    __arm_cp.0_4                             0x00002484   Number         4  cmd_ramp.o(.text.Ramp_Parse)
    [Anonymous Symbol]                       0x000024b8   Section        0  cmd_ramp.o(.text.Ramp_Stop)
    [Anonymous Symbol]                       0x000024c0   Section        0  cmd_ramp.o(.text.Ramp_Update)
    __arm_cp.2_0                             0x00002520   Number         4  cmd_ramp.o(.text.Ramp_Update)
    __arm_cp.2_1                             0x00002524   Number         4  cmd_ramp.o(.text.Ramp_Update)
    [Anonymous Symbol]                       0x00002538   Section        0  interrupts_hc32f005.o(.text.SPI_IRQHandler)
    [Anonymous Symbol]                       0x00002540   Section        0  cmd_self_test.o(.text.SelfTest_Parse)
    [Anonymous Symbol]                       0x00002578   Section        0  cmd_self_test.o(.text.SelfTest_Run)
    __arm_cp.1_3                             0x000026b8   Number         4  cmd_self_test.o(.text.SelfTest_Run)
    __arm_cp.1_4                             0x000026bc   Number         4  cmd_self_test.o(.text.SelfTest_Run)
    __arm_cp.1_5                             0x000026c0   Number         4  cmd_self_test.o(.text.SelfTest_Run)
    __arm_cp.1_6                             0x000026c4   Number         4  cmd_self_test.o(.text.SelfTest_Run)
    __arm_cp.1_7                             0x000026c8   Number         4  cmd_self_test.o(.text.SelfTest_Run)
    __arm_cp.1_8                             0x000026cc   Number         4  cmd_self_test.o(.text.SelfTest_Run)
    __arm_cp.1_9                             0x000026d0   Number         4  cmd_self_test.o(.text.SelfTest_Run)
    __arm_cp.1_10                            0x000026d4   Number         4  cmd_self_test.o(.text.SelfTest_Run)
    __arm_cp.1_12                            0x000026e4   Number         4  cmd_self_test.o(.text.SelfTest_Run)
    [Anonymous Symbol]                       0x00002734   Section        0  ddl.o(.text.SetBit)
    [Anonymous Symbol]                       0x0000274c   Section        0  main.o(.text.SoftUart_TxKickFromIsr)
    SoftUart_TxKickFromIsr                   0x0000274d   Thumb Code    60  main.o(.text.SoftUart_TxKickFromIsr)
    [Anonymous Symbol]                       0x00002780   Section        0  main.o(.text.SoftUart_WriteByte)
    SoftUart_WriteByte                       0x00002781   Thumb Code    56  main.o(.text.SoftUart_WriteByte)
    __arm_cp.1_1                             0x000027b0   Number         4  main.o(.text.SoftUart_WriteByte)
    [Anonymous Symbol]                       0x000027b4   Section        0  cmd_start.o(.text.Start_Init)
    [Anonymous Symbol]                       0x000027c0   Section        0  cmd_start.o(.text.Start_Parse)
    [Anonymous Symbol]                       0x00002840   Section        0  interrupts_hc32f005.o(.text.SysTick_Handler)
    [Anonymous Symbol]                       0x00002848   Section        0  sysctrl.o(.text.Sysctrl_GetHClkFreq)
    __arm_cp.5_0                             0x000028c4   Number         4  sysctrl.o(.text.Sysctrl_GetHClkFreq)
    __arm_cp.5_2                             0x000028c8   Number         4  sysctrl.o(.text.Sysctrl_GetHClkFreq)
    __arm_cp.5_3                             0x000028cc   Number         4  sysctrl.o(.text.Sysctrl_GetHClkFreq)
    __arm_cp.5_4                             0x000028d0   Number         4  sysctrl.o(.text.Sysctrl_GetHClkFreq)
    __arm_cp.5_5                             0x000028d4   Number         4  sysctrl.o(.text.Sysctrl_GetHClkFreq)
    __arm_cp.5_6                             0x000028d8   Number         4  sysctrl.o(.text.Sysctrl_GetHClkFreq)
    __arm_cp.5_7                             0x000028dc   Number         4  sysctrl.o(.text.Sysctrl_GetHClkFreq)
    __arm_cp.5_8                             0x000028e0   Number         4  sysctrl.o(.text.Sysctrl_GetHClkFreq)
    __arm_cp.5_9                             0x000028e4   Number         4  sysctrl.o(.text.Sysctrl_GetHClkFreq)
    [Anonymous Symbol]                       0x000028e8   Section        0  sysctrl.o(.text.Sysctrl_GetPClkFreq)
    __arm_cp.6_0                             0x000028fc   Number         4  sysctrl.o(.text.Sysctrl_GetPClkFreq)
    [Anonymous Symbol]                       0x00002900   Section        0  sysctrl.o(.text.Sysctrl_SetPeripheralGate)
    __arm_cp.14_0                            0x00002910   Number         4  sysctrl.o(.text.Sysctrl_SetPeripheralGate)
    [Anonymous Symbol]                       0x00002914   Section        0  system_hc32f005.o(.text.SystemInit)
    __arm_cp.1_0                             0x00002920   Number         4  system_hc32f005.o(.text.SystemInit)
    [Anonymous Symbol]                       0x00002924   Section        0  interrupts_hc32f005.o(.text.TIM0_IRQHandler)
    [Anonymous Symbol]                       0x0000292c   Section        0  interrupts_hc32f005.o(.text.TIM1_IRQHandler)
    [Anonymous Symbol]                       0x00002934   Section        0  interrupts_hc32f005.o(.text.TIM2_IRQHandler)
    [Anonymous Symbol]                       0x0000293c   Section        0  interrupts_hc32f005.o(.text.TIM3_IRQHandler)
    [Anonymous Symbol]                       0x00002944   Section        0  interrupts_hc32f005.o(.text.TIM4_IRQHandler)
    [Anonymous Symbol]                       0x0000294c   Section        0  interrupts_hc32f005.o(.text.TIM5_IRQHandler)
    [Anonymous Symbol]                       0x00002954   Section        0  interrupts_hc32f005.o(.text.TIM6_IRQHandler)
    [Anonymous Symbol]                       0x0000295c   Section        0  main.o(.text.Tim0_IRQHandler)
    __arm_cp.6_0                             0x00002a20   Number         4  main.o(.text.Tim0_IRQHandler)
    __arm_cp.6_1                             0x00002a24   Number         4  main.o(.text.Tim0_IRQHandler)
    __arm_cp.6_2                             0x00002a28   Number         4  main.o(.text.Tim0_IRQHandler)
    [Anonymous Symbol]                       0x00002a2c   Section        0  instruction_manager.o(.text.Tim1_IRQHandler)
    __arm_cp.13_0                            0x00002a48   Number         4  instruction_manager.o(.text.Tim1_IRQHandler)
    [Anonymous Symbol]                       0x00002a4c   Section        0  instruction_manager.o(.text.Tim2_IRQHandler)
    __arm_cp.14_0                            0x00002b04   Number         4  instruction_manager.o(.text.Tim2_IRQHandler)
    __arm_cp.14_1                            0x00002b08   Number         4  instruction_manager.o(.text.Tim2_IRQHandler)
    __arm_cp.14_2                            0x00002b0c   Number         4  instruction_manager.o(.text.Tim2_IRQHandler)
    [Anonymous Symbol]                       0x00002b10   Section        0  cmd_timer.o(.text.Timer_Parse)
    __arm_cp.0_0                             0x00002bb0   Number         4  cmd_timer.o(.text.Timer_Parse)
    __arm_cp.0_1                             0x00002bb4   Number         4  cmd_timer.o(.text.Timer_Parse)
    __arm_cp.0_2                             0x00002bb8   Number         4  cmd_timer.o(.text.Timer_Parse)
    [Anonymous Symbol]                       0x00002be4   Section        0  cmd_timer.o(.text.Timer_Stop)
    [Anonymous Symbol]                       0x00002bec   Section        0  cmd_timer.o(.text.Timer_Update)
    __arm_cp.1_0                             0x00002c14   Number         4  cmd_timer.o(.text.Timer_Update)
    __arm_cp.1_1                             0x00002c18   Number         4  cmd_timer.o(.text.Timer_Update)
    [Anonymous Symbol]                       0x00002c3c   Section        0  interrupts_hc32f005.o(.text.UART0_IRQHandler)
    [Anonymous Symbol]                       0x00002c44   Section        0  interrupts_hc32f005.o(.text.UART1_IRQHandler)
    [Anonymous Symbol]                       0x00002c4c   Section        0  interrupts_hc32f005.o(.text.VC0_IRQHandler)
    [Anonymous Symbol]                       0x00002c54   Section        0  interrupts_hc32f005.o(.text.VC1_IRQHandler)
    [Anonymous Symbol]                       0x00002c5c   Section        0  cmd_self_test.o(.text.Verify_Step)
    Verify_Step                              0x00002c5d   Thumb Code   296  cmd_self_test.o(.text.Verify_Step)
    __arm_cp.3_1                             0x00002d48   Number         4  cmd_self_test.o(.text.Verify_Step)
    __arm_cp.3_2                             0x00002d4c   Number         4  cmd_self_test.o(.text.Verify_Step)
    [Anonymous Symbol]                       0x00002d84   Section        0  interrupts_hc32f005.o(.text.WDT_IRQHandler)
    [Anonymous Symbol]                       0x00002d8c   Section        0  instruction_manager.o(.text.custom_stricmp)
    [Anonymous Symbol]                       0x00002dca   Section        0  ddl.o(.text.ddl_memclr)
    [Anonymous Symbol]                       0x00002de0   Section        0  ddl.o(.text.delay10us)
    __arm_cp.9_3                             0x00002e1c   Number         4  ddl.o(.text.delay10us)
    [Anonymous Symbol]                       0x00002e20   Section        0  ddl.o(.text.delay1ms)
    __arm_cp.7_0                             0x00002e5c   Number         4  ddl.o(.text.delay1ms)
    __arm_cp.7_1                             0x00002e60   Number         4  ddl.o(.text.delay1ms)
    [Anonymous Symbol]                       0x00002e64   Section        0  main.o(.text.fputc)
    [Anonymous Symbol]                       0x00002e7c   Section        0  main.o(.text.main)
    __arm_cp.5_0                             0x00003088   Number         4  main.o(.text.main)
    __arm_cp.5_1                             0x0000308c   Number         4  main.o(.text.main)
    __arm_cp.5_2                             0x00003090   Number         4  main.o(.text.main)
    __arm_cp.5_3                             0x00003094   Number         4  main.o(.text.main)
    __arm_cp.5_4                             0x00003098   Number         4  main.o(.text.main)
    __arm_cp.5_5                             0x0000309c   Number         4  main.o(.text.main)
    __arm_cp.5_7                             0x000030ac   Number         4  main.o(.text.main)
    __arm_cp.5_8                             0x000030b0   Number         4  main.o(.text.main)
    __arm_cp.5_9                             0x000030b4   Number         4  main.o(.text.main)
    i.__0printf                              0x000030b8   Section        0  printfa.o(i.__0printf)
    i.__ARM_clz                              0x000030d8   Section        0  depilogue.o(i.__ARM_clz)
    i.__mathlib_narrow                       0x00003106   Section        0  narrow.o(i.__mathlib_narrow)
    i.__mathlib_tofloat                      0x00003118   Section        0  narrow.o(i.__mathlib_tofloat)
    i.__read_errno                           0x000031e0   Section        0  errno.o(i.__read_errno)
    i.__scatterload_copy                     0x000031ec   Section       14  handlers.o(i.__scatterload_copy)
    i.__scatterload_null                     0x000031fa   Section        2  handlers.o(i.__scatterload_null)
    i.__scatterload_zeroinit                 0x000031fc   Section       14  handlers.o(i.__scatterload_zeroinit)
    i.__set_errno                            0x0000320c   Section        0  errno.o(i.__set_errno)
    i._fp_digits                             0x00003218   Section        0  printfa.o(i._fp_digits)
    _fp_digits                               0x00003219   Thumb Code   344  printfa.o(i._fp_digits)
    i._is_digit                              0x0000338c   Section        0  scanf_fp.o(i._is_digit)
    i._printf_core                           0x0000339c   Section        0  printfa.o(i._printf_core)
    _printf_core                             0x0000339d   Thumb Code  1754  printfa.o(i._printf_core)
    i._printf_post_padding                   0x00003a88   Section        0  printfa.o(i._printf_post_padding)
    _printf_post_padding                     0x00003a89   Thumb Code    32  printfa.o(i._printf_post_padding)
    i._printf_pre_padding                    0x00003aa8   Section        0  printfa.o(i._printf_pre_padding)
    _printf_pre_padding                      0x00003aa9   Thumb Code    44  printfa.o(i._printf_pre_padding)
    i.atof                                   0x00003ad4   Section        0  atof.o(i.atof)
    i.frexp                                  0x00003b00   Section        0  frexp.o(i.frexp)
    i.puts                                   0x00003b58   Section        0  puts.o(i.puts)
    i.strtof                                 0x00003b78   Section        0  strtof.o(i.strtof)
    .constdata                               0x00003b8c   Section      129  ctype_o.o(.constdata)
    .constdata                               0x00003c10   Section        4  ctype_o.o(.constdata)
    table                                    0x00003c10   Data           4  ctype_o.o(.constdata)
    [Anonymous Symbol]                       0x00003c14   Section        0  instruction_manager.o(.rodata..LInstruction_Parse.shortcuts)
    [Anonymous Symbol]                       0x00003c54   Section        0  cmd_help.o(.rodata.str1.1)
    .L.str.12                                0x00003c54   Data          58  cmd_help.o(.rodata.str1.1)
    .L.str.11                                0x00003c8e   Data          58  cmd_help.o(.rodata.str1.1)
    .L.str.6                                 0x00003cc8   Data          73  cmd_help.o(.rodata.str1.1)
    .L.str.14                                0x00003d11   Data          59  cmd_help.o(.rodata.str1.1)
    .L.str.10                                0x00003d4c   Data          57  cmd_help.o(.rodata.str1.1)
    .Lstr.38                                 0x00003d85   Data          11  cmd_help.o(.rodata.str1.1)
    .Lstr.45                                 0x00003d90   Data          15  cmd_help.o(.rodata.str1.1)
    .Lstr.35                                 0x00003d9f   Data          16  cmd_help.o(.rodata.str1.1)
    [Anonymous Symbol]                       0x00003daf   Section        0  cmd_self_test.o(.rodata.str1.1)
    .L.str.4                                 0x00003daf   Data          42  cmd_self_test.o(.rodata.str1.1)
    .L.str.7                                 0x00003dd9   Data          14  cmd_self_test.o(.rodata.str1.1)
    .L.str.5                                 0x00003de7   Data          13  cmd_self_test.o(.rodata.str1.1)
    .L.str.6                                 0x00003dec   Data           8  cmd_self_test.o(.rodata.str1.1)
    [Anonymous Symbol]                       0x00003df4   Section        0  instruction_manager.o(.rodata.str1.1)
    .L.str.5                                 0x00003df4   Data           5  instruction_manager.o(.rodata.str1.1)
    .L.str.4                                 0x00003df9   Data           2  instruction_manager.o(.rodata.str1.1)
    .L.str.3                                 0x00003dfb   Data           4  instruction_manager.o(.rodata.str1.1)
    .L.str.1                                 0x00003dff   Data           3  instruction_manager.o(.rodata.str1.1)
    .L.str                                   0x00003e02   Data           2  instruction_manager.o(.rodata.str1.1)
    .L.str.2                                 0x00003e04   Data           2  instruction_manager.o(.rodata.str1.1)
    .L.str.6                                 0x00003e05   Data           1  instruction_manager.o(.rodata.str1.1)
    [Anonymous Symbol]                       0x00003e10   Section        0  cmd_help.o(.rodata.str1.16)
    .Lstr.40                                 0x00003e10   Data          57  cmd_help.o(.rodata.str1.16)
    .Lstr.37                                 0x00003e50   Data          53  cmd_help.o(.rodata.str1.16)
    .Lstr.61                                 0x00003e90   Data          52  cmd_help.o(.rodata.str1.16)
    .Lstr.33                                 0x00003ed0   Data          52  cmd_help.o(.rodata.str1.16)
    .Lstr.36                                 0x00003f10   Data          50  cmd_help.o(.rodata.str1.16)
    .Lstr.52                                 0x00003f50   Data          39  cmd_help.o(.rodata.str1.16)
    .Lstr.51                                 0x00003f80   Data          38  cmd_help.o(.rodata.str1.16)
    .Lstr.55                                 0x00003fb0   Data          62  cmd_help.o(.rodata.str1.16)
    .Lstr.47                                 0x00003ff0   Data          45  cmd_help.o(.rodata.str1.16)
    .Lstr.48                                 0x00004020   Data          47  cmd_help.o(.rodata.str1.16)
    .Lstr.56                                 0x00004050   Data          68  cmd_help.o(.rodata.str1.16)
    .Lstr.42                                 0x000040a0   Data          45  cmd_help.o(.rodata.str1.16)
    .Lstr.43                                 0x000040d0   Data          48  cmd_help.o(.rodata.str1.16)
    .Lstr.46                                 0x00004100   Data          43  cmd_help.o(.rodata.str1.16)
    .Lstr.50                                 0x00004130   Data          24  cmd_help.o(.rodata.str1.16)
    .Lstr.41                                 0x00004150   Data          17  cmd_help.o(.rodata.str1.16)
    .Lstr                                    0x00004170   Data          52  cmd_help.o(.rodata.str1.16)
    .Lstr.34                                 0x000041b0   Data          50  cmd_help.o(.rodata.str1.16)
    .data                                    0x20000000   Section        4  stdout.o(.data)
    .data                                    0x20000004   Section        4  errno.o(.data)
    _errno                                   0x20000004   Data           4  errno.o(.data)
    [Anonymous Symbol]                       0x2000000c   Section        0  instruction_manager.o(.data.g_buzzer_volume_percent)
    g_buzzer_volume_percent                  0x2000000c   Data           1  instruction_manager.o(.data.g_buzzer_volume_percent)
    [Anonymous Symbol]                       0x20000010   Section        0  instruction_manager.o(.data.g_pwm_last_delta)
    g_pwm_last_delta                         0x20000010   Data           4  instruction_manager.o(.data.g_pwm_last_delta)
    [Anonymous Symbol]                       0x20000020   Section        0  main.o(.bss..L_MergedGlobals)
    g_su_tx_active                           0x20000020   Data           1  main.o(.bss..L_MergedGlobals)
    g_su_tx_phase                            0x20000021   Data           1  main.o(.bss..L_MergedGlobals)
    g_su_tx_bitpos                           0x20000022   Data           1  main.o(.bss..L_MergedGlobals)
    g_su_rx_active                           0x20000023   Data           1  main.o(.bss..L_MergedGlobals)
    g_su_rx_sample_ticks                     0x20000024   Data           1  main.o(.bss..L_MergedGlobals)
    g_su_rx_bitpos                           0x20000025   Data           1  main.o(.bss..L_MergedGlobals)
    g_su_rx_value                            0x20000026   Data           1  main.o(.bss..L_MergedGlobals)
    g_su_tx_frame                            0x20000028   Data           2  main.o(.bss..L_MergedGlobals)
    g_su_rx_w                                0x2000002a   Data           2  main.o(.bss..L_MergedGlobals)
    g_su_rx_r                                0x2000002c   Data           2  main.o(.bss..L_MergedGlobals)
    g_su_tx_w                                0x2000002e   Data           2  main.o(.bss..L_MergedGlobals)
    g_su_tx_r                                0x20000030   Data           2  main.o(.bss..L_MergedGlobals)
    main.last_led_ms                         0x20000034   Data           4  main.o(.bss..L_MergedGlobals)
    main.cmd_len                             0x20000038   Data           4  main.o(.bss..L_MergedGlobals)
    main.cmd_buf                             0x2000003c   Data          64  main.o(.bss..L_MergedGlobals)
    [Anonymous Symbol]                       0x2000007c   Section        0  calibration.o(.bss..L_MergedGlobals)
    active_count                             0x2000007c   Data           4  calibration.o(.bss..L_MergedGlobals)
    temp_count                               0x20000080   Data           4  calibration.o(.bss..L_MergedGlobals)
    [Anonymous Symbol]                       0x20000084   Section        0  cmd_buzzer.o(.bss..L_MergedGlobals)
    buzzer_state                             0x20000084   Data           1  cmd_buzzer.o(.bss..L_MergedGlobals)
    buzzer_timer_active                      0x20000085   Data           1  cmd_buzzer.o(.bss..L_MergedGlobals)
    buzzer_start_time                        0x20000088   Data           4  cmd_buzzer.o(.bss..L_MergedGlobals)
    buzzer_delay_ms                          0x2000008c   Data           4  cmd_buzzer.o(.bss..L_MergedGlobals)
    [Anonymous Symbol]                       0x20000090   Section        0  cmd_ramp.o(.bss..L_MergedGlobals)
    ramp.1                                   0x20000090   Data           4  cmd_ramp.o(.bss..L_MergedGlobals)
    ramp.2                                   0x20000094   Data           4  cmd_ramp.o(.bss..L_MergedGlobals)
    ramp.3                                   0x20000098   Data           4  cmd_ramp.o(.bss..L_MergedGlobals)
    ramp.4                                   0x2000009c   Data           4  cmd_ramp.o(.bss..L_MergedGlobals)
    [Anonymous Symbol]                       0x200000a0   Section        0  cmd_timer.o(.bss..L_MergedGlobals)
    timer.1                                  0x200000a0   Data           4  cmd_timer.o(.bss..L_MergedGlobals)
    timer.2                                  0x200000a4   Data           4  cmd_timer.o(.bss..L_MergedGlobals)
    [Anonymous Symbol]                       0x200000b0   Section        0  instruction_manager.o(.bss..L_MergedGlobals)
    g_miku_ms_tick                           0x200000b0   Data           4  instruction_manager.o(.bss..L_MergedGlobals)
    g_pwm_tick_hz                            0x200000b4   Data           4  instruction_manager.o(.bss..L_MergedGlobals)
    current_speed                            0x200000b8   Data           4  instruction_manager.o(.bss..L_MergedGlobals)
    global_mode                              0x200000bc   Data           4  instruction_manager.o(.bss..L_MergedGlobals)
    Instruction_Loop.last_tick               0x200000c0   Data           4  instruction_manager.o(.bss..L_MergedGlobals)
    g_pwm_motor                              0x200000c4   Data          16  instruction_manager.o(.bss..L_MergedGlobals)
    g_pwm_buzzer                             0x200000d4   Data          16  instruction_manager.o(.bss..L_MergedGlobals)
    [Anonymous Symbol]                       0x200000e4   Section        0  calibration.o(.bss.active_points)
    active_points                            0x200000e4   Data         160  calibration.o(.bss.active_points)
    [Anonymous Symbol]                       0x20000184   Section        0  cmd_cal.o(.bss.cal_state)
    cal_state                                0x20000184   Data           1  cmd_cal.o(.bss.cal_state)
    [Anonymous Symbol]                       0x20000185   Section        0  cmd_direction.o(.bss.g_dir_ccw)
    g_dir_ccw                                0x20000185   Data           1  cmd_direction.o(.bss.g_dir_ccw)
    [Anonymous Symbol]                       0x20000186   Section        0  main.o(.bss.g_su_rx_buf)
    g_su_rx_buf                              0x20000186   Data         128  main.o(.bss.g_su_rx_buf)
    [Anonymous Symbol]                       0x20000206   Section        0  main.o(.bss.g_su_tx_buf)
    g_su_tx_buf                              0x20000206   Data         256  main.o(.bss.g_su_tx_buf)
    [Anonymous Symbol]                       0x20000308   Section        0  cmd_cal.o(.bss.pending_cmd)
    pending_cmd                              0x20000308   Data           4  cmd_cal.o(.bss.pending_cmd)
    [Anonymous Symbol]                       0x2000030c   Section        0  cmd_ramp.o(.bss.ramp.0)
    ramp.0                                   0x2000030c   Data           1  cmd_ramp.o(.bss.ramp.0)
    [Anonymous Symbol]                       0x20000310   Section        0  calibration.o(.bss.temp_points)
    temp_points                              0x20000310   Data         160  calibration.o(.bss.temp_points)
    [Anonymous Symbol]                       0x200003b0   Section        0  cmd_timer.o(.bss.timer.0)
    timer.0                                  0x200003b0   Data           1  cmd_timer.o(.bss.timer.0)
    STACK                                    0x200003b8   Section      512  startup_hc32f005.o(STACK)

    Global Symbols

    Symbol Name                              Value     Ov Type        Size  Object(Section)

    BuildAttributes$$THM_ISAv3M$S$PE$A:L22$X:L11$S22$IEEE1$IW$~IW$USESV6$~STKCKD$USESV7$WCHAR32$ENUMINT$~SHL$OTIME$ROPI$IEEEJ$EBA8$MICROLIB$REQ8$PRES8$EABIv2 0x00000000   Number         0  anon$$obj.o ABSOLUTE
    __Vectors                                0x00000000   Data           0  startup_hc32f005.o(RESET)
    _printf_a                                0x00000000   Number         0  stubs.o ABSOLUTE
    _printf_c                                0x00000000   Number         0  stubs.o ABSOLUTE
    _printf_charcount                        0x00000000   Number         0  stubs.o ABSOLUTE
    _printf_d                                0x00000000   Number         0  stubs.o ABSOLUTE
    _printf_e                                0x00000000   Number         0  stubs.o ABSOLUTE
    _printf_f                                0x00000000   Number         0  stubs.o ABSOLUTE
    _printf_flags                            0x00000000   Number         0  stubs.o ABSOLUTE
    _printf_fp_dec                           0x00000000   Number         0  stubs.o ABSOLUTE
    _printf_fp_hex                           0x00000000   Number         0  stubs.o ABSOLUTE
    _printf_g                                0x00000000   Number         0  stubs.o ABSOLUTE
    _printf_i                                0x00000000   Number         0  stubs.o ABSOLUTE
    _printf_int_dec                          0x00000000   Number         0  stubs.o ABSOLUTE
    _printf_l                                0x00000000   Number         0  stubs.o ABSOLUTE
    _printf_lc                               0x00000000   Number         0  stubs.o ABSOLUTE
    _printf_ll                               0x00000000   Number         0  stubs.o ABSOLUTE
    _printf_lld                              0x00000000   Number         0  stubs.o ABSOLUTE
    _printf_lli                              0x00000000   Number         0  stubs.o ABSOLUTE
    _printf_llo                              0x00000000   Number         0  stubs.o ABSOLUTE
    _printf_llu                              0x00000000   Number         0  stubs.o ABSOLUTE
    _printf_llx                              0x00000000   Number         0  stubs.o ABSOLUTE
    _printf_longlong_dec                     0x00000000   Number         0  stubs.o ABSOLUTE
    _printf_longlong_hex                     0x00000000   Number         0  stubs.o ABSOLUTE
    _printf_longlong_oct                     0x00000000   Number         0  stubs.o ABSOLUTE
    _printf_ls                               0x00000000   Number         0  stubs.o ABSOLUTE
    _printf_mbtowc                           0x00000000   Number         0  stubs.o ABSOLUTE
    _printf_n                                0x00000000   Number         0  stubs.o ABSOLUTE
    _printf_o                                0x00000000   Number         0  stubs.o ABSOLUTE
    _printf_p                                0x00000000   Number         0  stubs.o ABSOLUTE
    _printf_percent                          0x00000000   Number         0  stubs.o ABSOLUTE
    _printf_pre_padding                      0x00000000   Number         0  stubs.o ABSOLUTE
    _printf_return_value                     0x00000000   Number         0  stubs.o ABSOLUTE
    _printf_s                                0x00000000   Number         0  stubs.o ABSOLUTE
    _printf_sizespec                         0x00000000   Number         0  stubs.o ABSOLUTE
    _printf_str                              0x00000000   Number         0  stubs.o ABSOLUTE
    _printf_truncate_signed                  0x00000000   Number         0  stubs.o ABSOLUTE
    _printf_truncate_unsigned                0x00000000   Number         0  stubs.o ABSOLUTE
    _printf_u                                0x00000000   Number         0  stubs.o ABSOLUTE
    _printf_wc                               0x00000000   Number         0  stubs.o ABSOLUTE
    _printf_wctomb                           0x00000000   Number         0  stubs.o ABSOLUTE
    _printf_widthprec                        0x00000000   Number         0  stubs.o ABSOLUTE
    _printf_x                                0x00000000   Number         0  stubs.o ABSOLUTE
    Adc_IRQHandler                            - Undefined Weak Reference
    ClkTrim_IRQHandler                        - Undefined Weak Reference
    Dmac_IRQHandler                           - Undefined Weak Reference
    Flash_IRQHandler                          - Undefined Weak Reference
    I2c_IRQHandler                            - Undefined Weak Reference
    Lvd_IRQHandler                            - Undefined Weak Reference
    Pca_IRQHandler                            - Undefined Weak Reference
    Pcnt_IRQHandler                           - Undefined Weak Reference
    Port1_IRQHandler                          - Undefined Weak Reference
    Port2_IRQHandler                          - Undefined Weak Reference
    Port3_IRQHandler                          - Undefined Weak Reference
    Ram_IRQHandler                            - Undefined Weak Reference
    Spi_IRQHandler                            - Undefined Weak Reference
    SysTick_IRQHandler                        - Undefined Weak Reference
    Tim3_IRQHandler                           - Undefined Weak Reference
    Tim4_IRQHandler                           - Undefined Weak Reference
    Tim5_IRQHandler                           - Undefined Weak Reference
    Tim6_IRQHandler                           - Undefined Weak Reference
    Uart0_IRQHandler                          - Undefined Weak Reference
    Uart1_IRQHandler                          - Undefined Weak Reference
    Vc0_IRQHandler                            - Undefined Weak Reference
    Vc1_IRQHandler                            - Undefined Weak Reference
    Wdt_IRQHandler                            - Undefined Weak Reference
    __cpp_initialize__aeabi_                  - Undefined Weak Reference
    __cxa_finalize                            - Undefined Weak Reference
    __decompress                              - Undefined Weak Reference
    _clock_init                               - Undefined Weak Reference
    _microlib_exit                            - Undefined Weak Reference
    __Vectors_End                            0x000000c0   Data           0  startup_hc32f005.o(RESET)
    __Vectors_Size                           0x000000c0   Number         0  startup_hc32f005.o ABSOLUTE
    __main                                   0x000000c1   Thumb Code     0  entry.o(.ARM.Collect$$$$00000000)
    _main_stk                                0x000000c1   Thumb Code     0  entry2.o(.ARM.Collect$$$$00000001)
    _main_scatterload                        0x000000c5   Thumb Code     0  entry5.o(.ARM.Collect$$$$00000004)
    __main_after_scatterload                 0x000000c9   Thumb Code     0  entry5.o(.ARM.Collect$$$$00000004)
    _main_clock                              0x000000c9   Thumb Code     0  entry7b.o(.ARM.Collect$$$$00000008)
    _main_cpp_init                           0x000000c9   Thumb Code     0  entry8b.o(.ARM.Collect$$$$0000000A)
    _main_init                               0x000000c9   Thumb Code     0  entry9a.o(.ARM.Collect$$$$0000000B)
    __rt_final_cpp                           0x000000d1   Thumb Code     0  entry10a.o(.ARM.Collect$$$$0000000D)
    __rt_final_exit                          0x000000d1   Thumb Code     0  entry11a.o(.ARM.Collect$$$$0000000F)
    Reset_Handler                            0x000000d5   Thumb Code    26  startup_hc32f005.o(.text)
    NMI_Handler                              0x000000ef   Thumb Code     2  startup_hc32f005.o(.text)
    SVC_Handler                              0x000000f3   Thumb Code     2  startup_hc32f005.o(.text)
    PendSV_Handler                           0x000000f5   Thumb Code     2  startup_hc32f005.o(.text)
    Dummy_Handler                            0x000000f9   Thumb Code     0  startup_hc32f005.o(.text)
    LPTIM_IRQHandler                         0x000000f9   Thumb Code     0  startup_hc32f005.o(.text)
    LPUART_IRQHandler                        0x000000f9   Thumb Code     0  startup_hc32f005.o(.text)
    RTC_IRQHandler                           0x000000f9   Thumb Code     0  startup_hc32f005.o(.text)
    __aeabi_uidiv                            0x00000111   Thumb Code     0  uidiv.o(.text)
    __aeabi_uidivmod                         0x00000111   Thumb Code    44  uidiv.o(.text)
    __rt_ctype_table                         0x0000013d   Thumb Code     4  ctype_o.o(.text)
    isspace                                  0x00000145   Thumb Code    18  isspace_o.o(.text)
    tolower                                  0x00000157   Thumb Code    12  tolower.o(.text)
    __aeabi_memset                           0x00000163   Thumb Code    14  memseta.o(.text)
    __aeabi_memset4                          0x00000163   Thumb Code     0  memseta.o(.text)
    __aeabi_memset8                          0x00000163   Thumb Code     0  memseta.o(.text)
    __aeabi_memclr                           0x00000171   Thumb Code     4  memseta.o(.text)
    __aeabi_memclr4                          0x00000171   Thumb Code     0  memseta.o(.text)
    __aeabi_memclr8                          0x00000171   Thumb Code     0  memseta.o(.text)
    _memset$wrapper                          0x00000175   Thumb Code    18  memseta.o(.text)
    strncpy                                  0x00000187   Thumb Code    26  strncpy.o(.text)
    strchr                                   0x000001a1   Thumb Code    20  strchr.o(.text)
    strlen                                   0x000001b5   Thumb Code    14  strlen.o(.text)
    strcpy                                   0x000001c3   Thumb Code    18  strcpy.o(.text)
    strncmp                                  0x000001d5   Thumb Code    30  strncmp.o(.text)
    strpbrk                                  0x000001f3   Thumb Code    32  strpbrk.o(.text)
    __aeabi_fadd                             0x00000213   Thumb Code   162  fadd.o(.text)
    __aeabi_fsub                             0x000002b5   Thumb Code     8  fadd.o(.text)
    __aeabi_frsub                            0x000002bd   Thumb Code     8  fadd.o(.text)
    __aeabi_fmul                             0x000002c5   Thumb Code   122  fmul.o(.text)
    __aeabi_fdiv                             0x0000033f   Thumb Code   124  fdiv.o(.text)
    __aeabi_fcmple                           0x000003bb   Thumb Code    28  fcmple.o(.text)
    __aeabi_fcmplt                           0x000003d7   Thumb Code    28  fcmplt.o(.text)
    __aeabi_fcmpge                           0x000003f3   Thumb Code    28  fcmpge.o(.text)
    __aeabi_fcmpgt                           0x0000040f   Thumb Code    28  fcmpgt.o(.text)
    __aeabi_ui2f                             0x0000042b   Thumb Code    14  ffltui.o(.text)
    __aeabi_f2uiz                            0x00000439   Thumb Code    40  ffixui.o(.text)
    __aeabi_f2d                              0x00000461   Thumb Code    40  f2d.o(.text)
    __aeabi_d2f                              0x00000489   Thumb Code    56  d2f.o(.text)
    __aeabi_uldivmod                         0x000004c1   Thumb Code    96  uldiv.o(.text)
    __strtod_int                             0x00000557   Thumb Code    92  strtod.o(.text)
    __strtof_int                             0x000005c5   Thumb Code    26  strtof.o(.text)
    __I$use$fp                               0x000005df   Thumb Code     0  iusefp.o(.text)
    _float_round                             0x000005df   Thumb Code    16  fepilogue.o(.text)
    _float_epilogue                          0x000005ef   Thumb Code   114  fepilogue.o(.text)
    __aeabi_dadd                             0x00000661   Thumb Code   328  dadd.o(.text)
    __aeabi_dsub                             0x000007a9   Thumb Code    12  dadd.o(.text)
    __aeabi_drsub                            0x000007b5   Thumb Code    12  dadd.o(.text)
    __aeabi_dmul                             0x000007c5   Thumb Code   202  dmul.o(.text)
    __aeabi_ddiv                             0x00000895   Thumb Code   234  ddiv.o(.text)
    __aeabi_d2ulz                            0x00000985   Thumb Code    54  dfixul.o(.text)
    __aeabi_cdrcmple                         0x000009c5   Thumb Code    38  cdrcmple.o(.text)
    __scatterload                            0x000009ed   Thumb Code    28  init.o(.text)
    __scatterload_rt2                        0x000009ed   Thumb Code     0  init.o(.text)
    __aeabi_llsl                             0x00000a11   Thumb Code    32  llshl.o(.text)
    _ll_shift_l                              0x00000a11   Thumb Code     0  llshl.o(.text)
    __aeabi_llsr                             0x00000a31   Thumb Code    34  llushr.o(.text)
    _ll_ushift_r                             0x00000a31   Thumb Code     0  llushr.o(.text)
    __aeabi_lasr                             0x00000a53   Thumb Code    38  llsshr.o(.text)
    _ll_sshift_r                             0x00000a53   Thumb Code     0  llsshr.o(.text)
    _scanf_real                              0x00000b97   Thumb Code     0  scanf_fp.o(.text)
    _scanf_really_real                       0x00000b97   Thumb Code   586  scanf_fp.o(.text)
    _sgetc                                   0x00000ded   Thumb Code    32  _sgetc.o(.text)
    _sbackspace                              0x00000e0d   Thumb Code    36  _sgetc.o(.text)
    _double_round                            0x00000e31   Thumb Code    26  depilogue.o(.text)
    _double_epilogue                         0x00000e4b   Thumb Code   164  depilogue.o(.text)
    __aeabi_lmul                             0x00000eef   Thumb Code   122  llmul.o(.text)
    _ll_mul                                  0x00000eef   Thumb Code     0  llmul.o(.text)
    __aeabi_ul2d                             0x00000f69   Thumb Code    22  dfltul.o(.text)
    __aeabi_cdcmpeq                          0x00000f85   Thumb Code     0  cdcmple.o(.text)
    __aeabi_cdcmple                          0x00000f85   Thumb Code    38  cdcmple.o(.text)
    __fp_status                              0x00000fad   Thumb Code     4  fpstat.o(.text)
    __ieee_status                            0x00000fad   Thumb Code     0  fpstat.o(.text)
    __ARM_scalbn                             0x00000fb1   Thumb Code    44  dscalb.o(.text)
    scalbn                                   0x00000fb1   Thumb Code     0  dscalb.o(.text)
    ADC_IRQHandler                           0x00000fdd   Thumb Code     8  interrupts_hc32f005.o(.text.ADC_IRQHandler)
    Adc_ConfigNormMode                       0x00000fe5   Thumb Code    80  adc.o(.text.Adc_ConfigNormMode)
    Adc_Enable                               0x0000102d   Thumb Code    16  adc.o(.text.Adc_Enable)
    Adc_GetResult                            0x00001039   Thumb Code    32  adc.o(.text.Adc_GetResult)
    Adc_Init                                 0x00001055   Thumb Code   240  adc.o(.text.Adc_Init)
    Adc_PollBusyState                        0x00001141   Thumb Code    16  adc.o(.text.Adc_PollBusyState)
    Adc_Start                                0x0000114d   Thumb Code    36  adc.o(.text.Adc_Start)
    Basic_Parse                              0x000011b5   Thumb Code   180  cmd_basic.o(.text.Basic_Parse)
    Buzzer_Init                              0x00001269   Thumb Code    28  cmd_buzzer.o(.text.Buzzer_Init)
    Buzzer_Parse                             0x00001281   Thumb Code   300  cmd_buzzer.o(.text.Buzzer_Parse)
    Buzzer_Update                            0x000013ad   Thumb Code    60  cmd_buzzer.o(.text.Buzzer_Update)
    CLKTRIM_IRQHandler                       0x000013e9   Thumb Code     8  interrupts_hc32f005.o(.text.CLKTRIM_IRQHandler)
    Cal_End                                  0x000013f1   Thumb Code    44  cmd_cal.o(.text.Cal_End)
    Cal_Process                              0x0000141d   Thumb Code   148  cmd_cal.o(.text.Cal_Process)
    Cal_Start                                0x000014b1   Thumb Code    64  cmd_cal.o(.text.Cal_Start)
    Calibration_AddPoint                     0x000014f1   Thumb Code    40  calibration.o(.text.Calibration_AddPoint)
    Calibration_End                          0x00001511   Thumb Code   136  calibration.o(.text.Calibration_End)
    Calibration_GetCorrectedValue            0x00001591   Thumb Code   260  calibration.o(.text.Calibration_GetCorrectedValue)
    Calibration_Init                         0x0000168d   Thumb Code   128  calibration.o(.text.Calibration_Init)
    Calibration_Start                        0x0000170d   Thumb Code    20  calibration.o(.text.Calibration_Start)
    DMAC_IRQHandler                          0x00001721   Thumb Code     8  interrupts_hc32f005.o(.text.DMAC_IRQHandler)
    Direction_Init                           0x00001729   Thumb Code    20  cmd_direction.o(.text.Direction_Init)
    Direction_Parse                          0x00001739   Thumb Code   244  cmd_direction.o(.text.Direction_Parse)
    EnableNvic                               0x0000182d   Thumb Code   140  interrupts_hc32f005.o(.text.EnableNvic)
    FLASH_RAM_IRQHandler                     0x000018b9   Thumb Code    12  interrupts_hc32f005.o(.text.FLASH_RAM_IRQHandler)
    GetBit                                   0x000018c5   Thumb Code    20  ddl.o(.text.GetBit)
    Gpio_ClearIrq                            0x0000190d   Thumb Code    24  gpio.o(.text.Gpio_ClearIrq)
    Gpio_EnableIrq                           0x00001925   Thumb Code    24  gpio.o(.text.Gpio_EnableIrq)
    Gpio_GetInputIO                          0x0000193d   Thumb Code    16  gpio.o(.text.Gpio_GetInputIO)
    Gpio_GetIrqStatus                        0x0000194d   Thumb Code    16  gpio.o(.text.Gpio_GetIrqStatus)
    Gpio_Init                                0x0000195d   Thumb Code   108  gpio.o(.text.Gpio_Init)
    Gpio_ReadOutputIO                        0x000019c9   Thumb Code    16  gpio.o(.text.Gpio_ReadOutputIO)
    Gpio_SetAnalogMode                       0x000019d5   Thumb Code    20  gpio.o(.text.Gpio_SetAnalogMode)
    Gpio_WriteOutputIO                       0x000019e9   Thumb Code    20  gpio.o(.text.Gpio_WriteOutputIO)
    HardFault_Handler                        0x000019fd   Thumb Code    16  interrupts_hc32f005.o(.text.HardFault_Handler)
    Help_Parse                               0x00001a0d   Thumb Code   448  cmd_help.o(.text.Help_Parse)
    I2C_IRQHandler                           0x00001bcd   Thumb Code     8  interrupts_hc32f005.o(.text.I2C_IRQHandler)
    Instruction_GetSpeed                     0x00001bd5   Thumb Code    12  instruction_manager.o(.text.Instruction_GetSpeed)
    Instruction_Init                         0x00001bdd   Thumb Code   568  instruction_manager.o(.text.Instruction_Init)
    Instruction_Loop                         0x00001e11   Thumb Code    52  instruction_manager.o(.text.Instruction_Loop)
    Instruction_Parse                        0x00001e41   Thumb Code   276  instruction_manager.o(.text.Instruction_Parse)
    Instruction_SetMode                      0x00001f51   Thumb Code    12  instruction_manager.o(.text.Instruction_SetMode)
    Instruction_SetSpeed                     0x00001f59   Thumb Code    12  instruction_manager.o(.text.Instruction_SetSpeed)
    LVD_IRQHandler                           0x00001f65   Thumb Code     8  interrupts_hc32f005.o(.text.LVD_IRQHandler)
    Miku_Adc_ReadRaw                         0x00001f6d   Thumb Code    60  instruction_manager.o(.text.Miku_Adc_ReadRaw)
    Miku_Adc_ReadVoltage                     0x00001fa9   Thumb Code    32  instruction_manager.o(.text.Miku_Adc_ReadVoltage)
    Miku_Buzzer_SetEnable                    0x00001fc9   Thumb Code   128  instruction_manager.o(.text.Miku_Buzzer_SetEnable)
    Miku_Buzzer_SetVolume                    0x00002041   Thumb Code    40  instruction_manager.o(.text.Miku_Buzzer_SetVolume)
    Miku_DelayMs                             0x00002065   Thumb Code     8  instruction_manager.o(.text.Miku_DelayMs)
    Miku_GetTick                             0x0000206d   Thumb Code    12  instruction_manager.o(.text.Miku_GetTick)
    Miku_Motor_SetDirectionCcw               0x000020af   Thumb Code    20  instruction_manager.o(.text.Miku_Motor_SetDirectionCcw)
    Miku_Motor_SetSpeedPercent               0x000020c5   Thumb Code   168  instruction_manager.o(.text.Miku_Motor_SetSpeedPercent)
    Miku_Motor_SetStop                       0x00002169   Thumb Code    20  instruction_manager.o(.text.Miku_Motor_SetStop)
    PCA_IRQHandler                           0x0000228d   Thumb Code     8  interrupts_hc32f005.o(.text.PCA_IRQHandler)
    PCNT_IRQHandler                          0x00002295   Thumb Code     8  interrupts_hc32f005.o(.text.PCNT_IRQHandler)
    PORT0_IRQHandler                         0x0000229d   Thumb Code     8  interrupts_hc32f005.o(.text.PORT0_IRQHandler)
    PORT1_IRQHandler                         0x000022a5   Thumb Code     8  interrupts_hc32f005.o(.text.PORT1_IRQHandler)
    PORT2_IRQHandler                         0x000022ad   Thumb Code     8  interrupts_hc32f005.o(.text.PORT2_IRQHandler)
    PORT3_IRQHandler                         0x000022b5   Thumb Code     8  interrupts_hc32f005.o(.text.PORT3_IRQHandler)
    Port0_IRQHandler                         0x000022dd   Thumb Code    64  main.o(.text.Port0_IRQHandler)
    Ramp_Parse                               0x0000231d   Thumb Code   412  cmd_ramp.o(.text.Ramp_Parse)
    Ramp_Stop                                0x000024b9   Thumb Code    12  cmd_ramp.o(.text.Ramp_Stop)
    Ramp_Update                              0x000024c1   Thumb Code   120  cmd_ramp.o(.text.Ramp_Update)
    SPI_IRQHandler                           0x00002539   Thumb Code     8  interrupts_hc32f005.o(.text.SPI_IRQHandler)
    SelfTest_Parse                           0x00002541   Thumb Code    56  cmd_self_test.o(.text.SelfTest_Parse)
    SelfTest_Run                             0x00002579   Thumb Code   444  cmd_self_test.o(.text.SelfTest_Run)
    SetBit                                   0x00002735   Thumb Code    22  ddl.o(.text.SetBit)
    Start_Init                               0x000027b5   Thumb Code    10  cmd_start.o(.text.Start_Init)
    Start_Parse                              0x000027c1   Thumb Code   128  cmd_start.o(.text.Start_Parse)
    SysTick_Handler                          0x00002841   Thumb Code     8  interrupts_hc32f005.o(.text.SysTick_Handler)
    Sysctrl_GetHClkFreq                      0x00002849   Thumb Code   164  sysctrl.o(.text.Sysctrl_GetHClkFreq)
    Sysctrl_GetPClkFreq                      0x000028e9   Thumb Code    24  sysctrl.o(.text.Sysctrl_GetPClkFreq)
    Sysctrl_SetPeripheralGate                0x00002901   Thumb Code    20  sysctrl.o(.text.Sysctrl_SetPeripheralGate)
    SystemInit                               0x00002915   Thumb Code    16  system_hc32f005.o(.text.SystemInit)
    TIM0_IRQHandler                          0x00002925   Thumb Code     8  interrupts_hc32f005.o(.text.TIM0_IRQHandler)
    TIM1_IRQHandler                          0x0000292d   Thumb Code     8  interrupts_hc32f005.o(.text.TIM1_IRQHandler)
    TIM2_IRQHandler                          0x00002935   Thumb Code     8  interrupts_hc32f005.o(.text.TIM2_IRQHandler)
    TIM3_IRQHandler                          0x0000293d   Thumb Code     8  interrupts_hc32f005.o(.text.TIM3_IRQHandler)
    TIM4_IRQHandler                          0x00002945   Thumb Code     8  interrupts_hc32f005.o(.text.TIM4_IRQHandler)
    TIM5_IRQHandler                          0x0000294d   Thumb Code     8  interrupts_hc32f005.o(.text.TIM5_IRQHandler)
    TIM6_IRQHandler                          0x00002955   Thumb Code     8  interrupts_hc32f005.o(.text.TIM6_IRQHandler)
    Tim0_IRQHandler                          0x0000295d   Thumb Code   208  main.o(.text.Tim0_IRQHandler)
    Tim1_IRQHandler                          0x00002a2d   Thumb Code    36  instruction_manager.o(.text.Tim1_IRQHandler)
    Tim2_IRQHandler                          0x00002a4d   Thumb Code   196  instruction_manager.o(.text.Tim2_IRQHandler)
    Timer_Parse                              0x00002b11   Thumb Code   212  cmd_timer.o(.text.Timer_Parse)
    Timer_Stop                               0x00002be5   Thumb Code    12  cmd_timer.o(.text.Timer_Stop)
    Timer_Update                             0x00002bed   Thumb Code    80  cmd_timer.o(.text.Timer_Update)
    UART0_IRQHandler                         0x00002c3d   Thumb Code     8  interrupts_hc32f005.o(.text.UART0_IRQHandler)
    UART1_IRQHandler                         0x00002c45   Thumb Code     8  interrupts_hc32f005.o(.text.UART1_IRQHandler)
    VC0_IRQHandler                           0x00002c4d   Thumb Code     8  interrupts_hc32f005.o(.text.VC0_IRQHandler)
    VC1_IRQHandler                           0x00002c55   Thumb Code     8  interrupts_hc32f005.o(.text.VC1_IRQHandler)
    WDT_IRQHandler                           0x00002d85   Thumb Code     8  interrupts_hc32f005.o(.text.WDT_IRQHandler)
    custom_stricmp                           0x00002d8d   Thumb Code    62  instruction_manager.o(.text.custom_stricmp)
    ddl_memclr                               0x00002dcb   Thumb Code    20  ddl.o(.text.ddl_memclr)
    delay10us                                0x00002de1   Thumb Code    76  ddl.o(.text.delay10us)
    delay1ms                                 0x00002e21   Thumb Code    72  ddl.o(.text.delay1ms)
    fputc                                    0x00002e65   Thumb Code    24  main.o(.text.fputc)
    main                                     0x00002e7d   Thumb Code   572  main.o(.text.main)
    __0printf                                0x000030b9   Thumb Code    24  printfa.o(i.__0printf)
    __1printf                                0x000030b9   Thumb Code     0  printfa.o(i.__0printf)
    __2printf                                0x000030b9   Thumb Code     0  printfa.o(i.__0printf)
    __c89printf                              0x000030b9   Thumb Code     0  printfa.o(i.__0printf)
    printf                                   0x000030b9   Thumb Code     0  printfa.o(i.__0printf)
    __ARM_clz                                0x000030d9   Thumb Code    46  depilogue.o(i.__ARM_clz)
    __mathlib_narrow                         0x00003107   Thumb Code    16  narrow.o(i.__mathlib_narrow)
    __mathlib_tofloat                        0x00003119   Thumb Code   190  narrow.o(i.__mathlib_tofloat)
    __read_errno                             0x000031e1   Thumb Code     6  errno.o(i.__read_errno)
    __scatterload_copy                       0x000031ed   Thumb Code    14  handlers.o(i.__scatterload_copy)
    __scatterload_null                       0x000031fb   Thumb Code     2  handlers.o(i.__scatterload_null)
    __scatterload_zeroinit                   0x000031fd   Thumb Code    14  handlers.o(i.__scatterload_zeroinit)
    __set_errno                              0x0000320d   Thumb Code     6  errno.o(i.__set_errno)
    _is_digit                                0x0000338d   Thumb Code    14  scanf_fp.o(i._is_digit)
    atof                                     0x00003ad5   Thumb Code    42  atof.o(i.atof)
    frexp                                    0x00003b01   Thumb Code    72  frexp.o(i.frexp)
    puts                                     0x00003b59   Thumb Code    28  puts.o(i.puts)
    strtof                                   0x00003b79   Thumb Code    20  strtof.o(i.strtof)
    __ctype_table                            0x00003b8c   Data         129  ctype_o.o(.constdata)
    Region$$Table$$Base                      0x000041e4   Number         0  anon$$obj.o(Region$$Table)
    Region$$Table$$Limit                     0x00004204   Number         0  anon$$obj.o(Region$$Table)
    __stdout                                 0x20000000   Data           4  stdout.o(.data)
    SystemCoreClock                          0x20000008   Data           4  system_hc32f005.o(.data.SystemCoreClock)
    __initial_sp                             0x200005b8   Data           0  startup_hc32f005.o(STACK)



==============================================================================

Memory Map of the image

  Image Entry point : 0x000000c1

  Load Region LR_IROM1 (Base: 0x00000000, Size: 0x00004230, Max: 0x00008000, ABSOLUTE)

    Execution Region ER_IROM1 (Exec base: 0x00000000, Load base: 0x00000000, Size: 0x00004204, Max: 0x00008000, ABSOLUTE)

    Exec Addr    Load Addr    Size         Type   Attr      Idx    E Section Name        Object

    0x00000000   0x00000000   0x000000c0   Data   RO            3    RESET               startup_hc32f005.o
    0x000000c0   0x000000c0   0x00000000   Code   RO          426  * .ARM.Collect$$$$00000000  mc_p.l(entry.o)
    0x000000c0   0x000000c0   0x00000004   Code   RO          597    .ARM.Collect$$$$00000001  mc_p.l(entry2.o)
    0x000000c4   0x000000c4   0x00000004   Code   RO          600    .ARM.Collect$$$$00000004  mc_p.l(entry5.o)
    0x000000c8   0x000000c8   0x00000000   Code   RO          602    .ARM.Collect$$$$00000008  mc_p.l(entry7b.o)
    0x000000c8   0x000000c8   0x00000000   Code   RO          604    .ARM.Collect$$$$0000000A  mc_p.l(entry8b.o)
    0x000000c8   0x000000c8   0x00000008   Code   RO          605    .ARM.Collect$$$$0000000B  mc_p.l(entry9a.o)
    0x000000d0   0x000000d0   0x00000000   Code   RO          607    .ARM.Collect$$$$0000000D  mc_p.l(entry10a.o)
    0x000000d0   0x000000d0   0x00000000   Code   RO          609    .ARM.Collect$$$$0000000F  mc_p.l(entry11a.o)
    0x000000d0   0x000000d0   0x00000004   Code   RO          598    .ARM.Collect$$$$00002712  mc_p.l(entry2.o)
    0x000000d4   0x000000d4   0x0000003c   Code   RO            4    .text               startup_hc32f005.o
    0x00000110   0x00000110   0x0000002c   Code   RO          431    .text               mc_p.l(uidiv.o)
    0x0000013c   0x0000013c   0x00000008   Code   RO          432    .text               mc_p.l(ctype_o.o)
    0x00000144   0x00000144   0x00000012   Code   RO          444    .text               mc_p.l(isspace_o.o)
    0x00000156   0x00000156   0x0000000c   Code   RO          447    .text               mc_p.l(tolower.o)
    0x00000162   0x00000162   0x00000024   Code   RO          448    .text               mc_p.l(memseta.o)
    0x00000186   0x00000186   0x0000001a   Code   RO          449    .text               mc_p.l(strncpy.o)
    0x000001a0   0x000001a0   0x00000014   Code   RO          450    .text               mc_p.l(strchr.o)
    0x000001b4   0x000001b4   0x0000000e   Code   RO          451    .text               mc_p.l(strlen.o)
    0x000001c2   0x000001c2   0x00000012   Code   RO          452    .text               mc_p.l(strcpy.o)
    0x000001d4   0x000001d4   0x0000001e   Code   RO          453    .text               mc_p.l(strncmp.o)
    0x000001f2   0x000001f2   0x00000020   Code   RO          454    .text               mc_p.l(strpbrk.o)
    0x00000212   0x00000212   0x000000b2   Code   RO          586    .text               mf_p.l(fadd.o)
    0x000002c4   0x000002c4   0x0000007a   Code   RO          587    .text               mf_p.l(fmul.o)
    0x0000033e   0x0000033e   0x0000007c   Code   RO          588    .text               mf_p.l(fdiv.o)
    0x000003ba   0x000003ba   0x0000001c   Code   RO          589    .text               mf_p.l(fcmple.o)
    0x000003d6   0x000003d6   0x0000001c   Code   RO          590    .text               mf_p.l(fcmplt.o)
    0x000003f2   0x000003f2   0x0000001c   Code   RO          591    .text               mf_p.l(fcmpge.o)
    0x0000040e   0x0000040e   0x0000001c   Code   RO          592    .text               mf_p.l(fcmpgt.o)
    0x0000042a   0x0000042a   0x0000000e   Code   RO          593    .text               mf_p.l(ffltui.o)
    0x00000438   0x00000438   0x00000028   Code   RO          594    .text               mf_p.l(ffixui.o)
    0x00000460   0x00000460   0x00000028   Code   RO          595    .text               mf_p.l(f2d.o)
    0x00000488   0x00000488   0x00000038   Code   RO          596    .text               mf_p.l(d2f.o)
    0x000004c0   0x000004c0   0x00000060   Code   RO          612    .text               mc_p.l(uldiv.o)
    0x00000520   0x00000520   0x000000a4   Code   RO          617    .text               mc_p.l(strtod.o)
    0x000005c4   0x000005c4   0x0000001a   Code   RO          618    .text               mc_p.l(strtof.o)
    0x000005de   0x000005de   0x00000000   Code   RO          619    .text               mc_p.l(iusefp.o)
    0x000005de   0x000005de   0x00000082   Code   RO          620    .text               mf_p.l(fepilogue.o)
    0x00000660   0x00000660   0x00000164   Code   RO          621    .text               mf_p.l(dadd.o)
    0x000007c4   0x000007c4   0x000000d0   Code   RO          622    .text               mf_p.l(dmul.o)
    0x00000894   0x00000894   0x000000f0   Code   RO          623    .text               mf_p.l(ddiv.o)
    0x00000984   0x00000984   0x00000040   Code   RO          624    .text               mf_p.l(dfixul.o)
    0x000009c4   0x000009c4   0x00000028   Code   RO          625    .text               mf_p.l(cdrcmple.o)
    0x000009ec   0x000009ec   0x00000024   Code   RO          629    .text               mc_p.l(init.o)
    0x00000a10   0x00000a10   0x00000020   Code   RO          630    .text               mc_p.l(llshl.o)
    0x00000a30   0x00000a30   0x00000022   Code   RO          631    .text               mc_p.l(llushr.o)
    0x00000a52   0x00000a52   0x00000026   Code   RO          632    .text               mc_p.l(llsshr.o)
    0x00000a78   0x00000a78   0x00000374   Code   RO          634    .text               mc_p.l(scanf_fp.o)
    0x00000dec   0x00000dec   0x00000044   Code   RO          637    .text               mc_p.l(_sgetc.o)
    0x00000e30   0x00000e30   0x000000be   Code   RO          638    .text               mf_p.l(depilogue.o)
    0x00000eee   0x00000eee   0x0000007a   Code   RO          642    .text               mc_p.l(llmul.o)
    0x00000f68   0x00000f68   0x0000001c   Code   RO          645    .text               mf_p.l(dfltul.o)
    0x00000f84   0x00000f84   0x00000028   Code   RO          646    .text               mf_p.l(cdcmple.o)
    0x00000fac   0x00000fac   0x00000004   Code   RO          647    .text               mf_p.l(fpstat.o)
    0x00000fb0   0x00000fb0   0x0000002c   Code   RO          648    .text               mf_p.l(dscalb.o)
    0x00000fdc   0x00000fdc   0x00000008   Code   RO           48    .text.ADC_IRQHandler  interrupts_hc32f005.o
    0x00000fe4   0x00000fe4   0x00000048   Code   RO          221    .text.Adc_ConfigNormMode  adc.o
    0x0000102c   0x0000102c   0x0000000c   Code   RO          217    .text.Adc_Enable    adc.o
    0x00001038   0x00001038   0x0000001c   Code   RO          229    .text.Adc_GetResult  adc.o
    0x00001054   0x00001054   0x000000ec   Code   RO          209    .text.Adc_Init      adc.o
    0x00001140   0x00001140   0x0000000c   Code   RO          227    .text.Adc_PollBusyState  adc.o
    0x0000114c   0x0000114c   0x00000024   Code   RO          213    .text.Adc_Start     adc.o
    0x00001170   0x00001170   0x00000044   Code   RO          399    .text.Apply_Physical_Output  instruction_manager.o
    0x000011b4   0x000011b4   0x000000b4   Code   RO          293    .text.Basic_Parse   cmd_basic.o
    0x00001268   0x00001268   0x00000018   Code   RO          296    .text.Buzzer_Init   cmd_buzzer.o
    0x00001280   0x00001280   0x0000012c   Code   RO          298    .text.Buzzer_Parse  cmd_buzzer.o
    0x000013ac   0x000013ac   0x0000003c   Code   RO          300    .text.Buzzer_Update  cmd_buzzer.o
    0x000013e8   0x000013e8   0x00000008   Code   RO           60    .text.CLKTRIM_IRQHandler  interrupts_hc32f005.o
    0x000013f0   0x000013f0   0x0000002c   Code   RO          314    .text.Cal_End       cmd_cal.o
    0x0000141c   0x0000141c   0x00000094   Code   RO          312    .text.Cal_Process   cmd_cal.o
    0x000014b0   0x000014b0   0x00000040   Code   RO          310    .text.Cal_Start     cmd_cal.o
    0x000014f0   0x000014f0   0x00000020   Code   RO          285    .text.Calibration_AddPoint  calibration.o
    0x00001510   0x00001510   0x00000080   Code   RO          287    .text.Calibration_End  calibration.o
    0x00001590   0x00001590   0x000000fc   Code   RO          281    .text.Calibration_GetCorrectedValue  calibration.o
    0x0000168c   0x0000168c   0x00000080   Code   RO          279    .text.Calibration_Init  calibration.o
    0x0000170c   0x0000170c   0x00000014   Code   RO          283    .text.Calibration_Start  calibration.o
    0x00001720   0x00001720   0x00000008   Code   RO           20    .text.DMAC_IRQHandler  interrupts_hc32f005.o
    0x00001728   0x00001728   0x00000010   Code   RO          319    .text.Direction_Init  cmd_direction.o
    0x00001738   0x00001738   0x000000f4   Code   RO          321    .text.Direction_Parse  cmd_direction.o
    0x0000182c   0x0000182c   0x0000008c   Code   RO            6    .text.EnableNvic    interrupts_hc32f005.o
    0x000018b8   0x000018b8   0x0000000c   Code   RO           58    .text.FLASH_RAM_IRQHandler  interrupts_hc32f005.o
    0x000018c4   0x000018c4   0x00000014   Code   RO          114    .text.GetBit        ddl.o
    0x000018d8   0x000018d8   0x00000034   Code   RO          345    .text.Get_Average_Voltage  cmd_self_test.o
    0x0000190c   0x0000190c   0x00000018   Code   RO          137    .text.Gpio_ClearIrq  gpio.o
    0x00001924   0x00001924   0x00000018   Code   RO          131    .text.Gpio_EnableIrq  gpio.o
    0x0000193c   0x0000193c   0x00000010   Code   RO          119    .text.Gpio_GetInputIO  gpio.o
    0x0000194c   0x0000194c   0x00000010   Code   RO          135    .text.Gpio_GetIrqStatus  gpio.o
    0x0000195c   0x0000195c   0x0000006c   Code   RO          117    .text.Gpio_Init     gpio.o
    0x000019c8   0x000019c8   0x0000000c   Code   RO          125    .text.Gpio_ReadOutputIO  gpio.o
    0x000019d4   0x000019d4   0x00000014   Code   RO          127    .text.Gpio_SetAnalogMode  gpio.o
    0x000019e8   0x000019e8   0x00000014   Code   RO          123    .text.Gpio_WriteOutputIO  gpio.o
    0x000019fc   0x000019fc   0x00000010   Code   RO            8    .text.HardFault_Handler  interrupts_hc32f005.o
    0x00001a0c   0x00001a0c   0x000001c0   Code   RO          325    .text.Help_Parse    cmd_help.o
    0x00001bcc   0x00001bcc   0x00000008   Code   RO           30    .text.I2C_IRQHandler  interrupts_hc32f005.o
    0x00001bd4   0x00001bd4   0x00000008   Code   RO          411    .text.Instruction_GetSpeed  instruction_manager.o
    0x00001bdc   0x00001bdc   0x00000234   Code   RO          395    .text.Instruction_Init  instruction_manager.o
    0x00001e10   0x00001e10   0x00000030   Code   RO          407    .text.Instruction_Loop  instruction_manager.o
    0x00001e40   0x00001e40   0x00000110   Code   RO          401    .text.Instruction_Parse  instruction_manager.o
    0x00001f50   0x00001f50   0x00000008   Code   RO          413    .text.Instruction_SetMode  instruction_manager.o
    0x00001f58   0x00001f58   0x0000000c   Code   RO          409    .text.Instruction_SetSpeed  instruction_manager.o
    0x00001f64   0x00001f64   0x00000008   Code   RO           56    .text.LVD_IRQHandler  interrupts_hc32f005.o
    0x00001f6c   0x00001f6c   0x0000003c   Code   RO          387    .text.Miku_Adc_ReadRaw  instruction_manager.o
    0x00001fa8   0x00001fa8   0x00000020   Code   RO          389    .text.Miku_Adc_ReadVoltage  instruction_manager.o
    0x00001fc8   0x00001fc8   0x00000078   Code   RO          383    .text.Miku_Buzzer_SetEnable  instruction_manager.o
    0x00002040   0x00002040   0x00000024   Code   RO          385    .text.Miku_Buzzer_SetVolume  instruction_manager.o
    0x00002064   0x00002064   0x00000008   Code   RO          367    .text.Miku_DelayMs  instruction_manager.o
    0x0000206c   0x0000206c   0x0000000c   Code   RO          365    .text.Miku_GetTick  instruction_manager.o
    0x00002078   0x00002078   0x00000036   Code   RO          397    .text.Miku_GpioOutInit  instruction_manager.o
    0x000020ae   0x000020ae   0x00000014   Code   RO          371    .text.Miku_Motor_SetDirectionCcw  instruction_manager.o
    0x000020c2   0x000020c2   0x00000002   PAD
    0x000020c4   0x000020c4   0x000000a4   Code   RO          373    .text.Miku_Motor_SetSpeedPercent  instruction_manager.o
    0x00002168   0x00002168   0x00000014   Code   RO          369    .text.Miku_Motor_SetStop  instruction_manager.o
    0x0000217c   0x0000217c   0x00000028   Code   RO          415    .text.Miku_PwmApplySchedule  instruction_manager.o
    0x000021a4   0x000021a4   0x00000046   Code   RO          377    .text.Miku_PwmChanSetEnable  instruction_manager.o
    0x000021ea   0x000021ea   0x00000002   PAD
    0x000021ec   0x000021ec   0x00000024   Code   RO          375    .text.Miku_PwmLock  instruction_manager.o
    0x00002210   0x00002210   0x00000050   Code   RO          379    .text.Miku_PwmRecalcAndApply  instruction_manager.o
    0x00002260   0x00002260   0x0000002c   Code   RO          381    .text.Miku_PwmUnlock  instruction_manager.o
    0x0000228c   0x0000228c   0x00000008   Code   RO           44    .text.PCA_IRQHandler  interrupts_hc32f005.o
    0x00002294   0x00002294   0x00000008   Code   RO           50    .text.PCNT_IRQHandler  interrupts_hc32f005.o
    0x0000229c   0x0000229c   0x00000008   Code   RO           12    .text.PORT0_IRQHandler  interrupts_hc32f005.o
    0x000022a4   0x000022a4   0x00000008   Code   RO           14    .text.PORT1_IRQHandler  interrupts_hc32f005.o
    0x000022ac   0x000022ac   0x00000008   Code   RO           16    .text.PORT2_IRQHandler  interrupts_hc32f005.o
    0x000022b4   0x000022b4   0x00000008   Code   RO           18    .text.PORT3_IRQHandler  interrupts_hc32f005.o
    0x000022bc   0x000022bc   0x00000020   Code   RO          332    .text.Parse_Ramp_Time  cmd_ramp.o
    0x000022dc   0x000022dc   0x00000040   Code   RO           85    .text.Port0_IRQHandler  main.o
    0x0000231c   0x0000231c   0x0000019c   Code   RO          330    .text.Ramp_Parse    cmd_ramp.o
    0x000024b8   0x000024b8   0x00000008   Code   RO          336    .text.Ramp_Stop     cmd_ramp.o
    0x000024c0   0x000024c0   0x00000078   Code   RO          334    .text.Ramp_Update   cmd_ramp.o
    0x00002538   0x00002538   0x00000008   Code   RO           28    .text.SPI_IRQHandler  interrupts_hc32f005.o
    0x00002540   0x00002540   0x00000038   Code   RO          341    .text.SelfTest_Parse  cmd_self_test.o
    0x00002578   0x00002578   0x000001bc   Code   RO          343    .text.SelfTest_Run  cmd_self_test.o
    0x00002734   0x00002734   0x00000016   Code   RO          112    .text.SetBit        ddl.o
    0x0000274a   0x0000274a   0x00000002   PAD
    0x0000274c   0x0000274c   0x00000034   Code   RO           83    .text.SoftUart_TxKickFromIsr  main.o
    0x00002780   0x00002780   0x00000034   Code   RO           71    .text.SoftUart_WriteByte  main.o
    0x000027b4   0x000027b4   0x0000000a   Code   RO          351    .text.Start_Init    cmd_start.o
    0x000027be   0x000027be   0x00000002   PAD
    0x000027c0   0x000027c0   0x00000080   Code   RO          353    .text.Start_Parse   cmd_start.o
    0x00002840   0x00002840   0x00000008   Code   RO           10    .text.SysTick_Handler  interrupts_hc32f005.o
    0x00002848   0x00002848   0x000000a0   Code   RO          168    .text.Sysctrl_GetHClkFreq  sysctrl.o
    0x000028e8   0x000028e8   0x00000018   Code   RO          170    .text.Sysctrl_GetPClkFreq  sysctrl.o
    0x00002900   0x00002900   0x00000014   Code   RO          186    .text.Sysctrl_SetPeripheralGate  sysctrl.o
    0x00002914   0x00002914   0x00000010   Code   RO           65    .text.SystemInit    system_hc32f005.o
    0x00002924   0x00002924   0x00000008   Code   RO           32    .text.TIM0_IRQHandler  interrupts_hc32f005.o
    0x0000292c   0x0000292c   0x00000008   Code   RO           34    .text.TIM1_IRQHandler  interrupts_hc32f005.o
    0x00002934   0x00002934   0x00000008   Code   RO           36    .text.TIM2_IRQHandler  interrupts_hc32f005.o
    0x0000293c   0x0000293c   0x00000008   Code   RO           22    .text.TIM3_IRQHandler  interrupts_hc32f005.o
    0x00002944   0x00002944   0x00000008   Code   RO           38    .text.TIM4_IRQHandler  interrupts_hc32f005.o
    0x0000294c   0x0000294c   0x00000008   Code   RO           40    .text.TIM5_IRQHandler  interrupts_hc32f005.o
    0x00002954   0x00002954   0x00000008   Code   RO           42    .text.TIM6_IRQHandler  interrupts_hc32f005.o
    0x0000295c   0x0000295c   0x000000d0   Code   RO           81    .text.Tim0_IRQHandler  main.o
    0x00002a2c   0x00002a2c   0x00000020   Code   RO          391    .text.Tim1_IRQHandler  instruction_manager.o
    0x00002a4c   0x00002a4c   0x000000c4   Code   RO          393    .text.Tim2_IRQHandler  instruction_manager.o
    0x00002b10   0x00002b10   0x000000d4   Code   RO          356    .text.Timer_Parse   cmd_timer.o
    0x00002be4   0x00002be4   0x00000008   Code   RO          360    .text.Timer_Stop    cmd_timer.o
    0x00002bec   0x00002bec   0x00000050   Code   RO          358    .text.Timer_Update  cmd_timer.o
    0x00002c3c   0x00002c3c   0x00000008   Code   RO           24    .text.UART0_IRQHandler  interrupts_hc32f005.o
    0x00002c44   0x00002c44   0x00000008   Code   RO           26    .text.UART1_IRQHandler  interrupts_hc32f005.o
    0x00002c4c   0x00002c4c   0x00000008   Code   RO           52    .text.VC0_IRQHandler  interrupts_hc32f005.o
    0x00002c54   0x00002c54   0x00000008   Code   RO           54    .text.VC1_IRQHandler  interrupts_hc32f005.o
    0x00002c5c   0x00002c5c   0x00000128   Code   RO          347    .text.Verify_Step   cmd_self_test.o
    0x00002d84   0x00002d84   0x00000008   Code   RO           46    .text.WDT_IRQHandler  interrupts_hc32f005.o
    0x00002d8c   0x00002d8c   0x0000003e   Code   RO          403    .text.custom_stricmp  instruction_manager.o
    0x00002dca   0x00002dca   0x00000014   Code   RO           94    .text.ddl_memclr    ddl.o
    0x00002dde   0x00002dde   0x00000002   PAD
    0x00002de0   0x00002de0   0x00000040   Code   RO          110    .text.delay10us     ddl.o
    0x00002e20   0x00002e20   0x00000044   Code   RO          106    .text.delay1ms      ddl.o
    0x00002e64   0x00002e64   0x00000018   Code   RO           69    .text.fputc         main.o
    0x00002e7c   0x00002e7c   0x0000023c   Code   RO           79    .text.main          main.o
    0x000030b8   0x000030b8   0x00000020   Code   RO          572    i.__0printf         mc_p.l(printfa.o)
    0x000030d8   0x000030d8   0x0000002e   Code   RO          639    i.__ARM_clz         mf_p.l(depilogue.o)
    0x00003106   0x00003106   0x00000010   Code   RO          626    i.__mathlib_narrow  m_ps.l(narrow.o)
    0x00003116   0x00003116   0x00000002   PAD
    0x00003118   0x00003118   0x000000c8   Code   RO          627    i.__mathlib_tofloat  m_ps.l(narrow.o)
    0x000031e0   0x000031e0   0x0000000c   Code   RO          614    i.__read_errno      mc_p.l(errno.o)
    0x000031ec   0x000031ec   0x0000000e   Code   RO          651    i.__scatterload_copy  mc_p.l(handlers.o)
    0x000031fa   0x000031fa   0x00000002   Code   RO          652    i.__scatterload_null  mc_p.l(handlers.o)
    0x000031fc   0x000031fc   0x0000000e   Code   RO          653    i.__scatterload_zeroinit  mc_p.l(handlers.o)
    0x0000320a   0x0000320a   0x00000002   PAD
    0x0000320c   0x0000320c   0x0000000c   Code   RO          615    i.__set_errno       mc_p.l(errno.o)
    0x00003218   0x00003218   0x00000174   Code   RO          579    i._fp_digits        mc_p.l(printfa.o)
    0x0000338c   0x0000338c   0x0000000e   Code   RO          636    i._is_digit         mc_p.l(scanf_fp.o)
    0x0000339a   0x0000339a   0x00000002   PAD
    0x0000339c   0x0000339c   0x000006ec   Code   RO          580    i._printf_core      mc_p.l(printfa.o)
    0x00003a88   0x00003a88   0x00000020   Code   RO          581    i._printf_post_padding  mc_p.l(printfa.o)
    0x00003aa8   0x00003aa8   0x0000002c   Code   RO          582    i._printf_pre_padding  mc_p.l(printfa.o)
    0x00003ad4   0x00003ad4   0x0000002a   Code   RO          423    i.atof              m_ps.l(atof.o)
    0x00003afe   0x00003afe   0x00000002   PAD
    0x00003b00   0x00003b00   0x00000058   Code   RO          641    i.frexp             m_ps.l(frexp.o)
    0x00003b58   0x00003b58   0x00000020   Code   RO          429    i.puts              mc_p.l(puts.o)
    0x00003b78   0x00003b78   0x00000014   Code   RO          425    i.strtof            m_ps.l(strtof.o)
    0x00003b8c   0x00003b8c   0x00000081   Data   RO          433    .constdata          mc_p.l(ctype_o.o)
    0x00003c0d   0x00003c0d   0x00000003   PAD
    0x00003c10   0x00003c10   0x00000004   Data   RO          434    .constdata          mc_p.l(ctype_o.o)
    0x00003c14   0x00003c14   0x00000040   Data   RO          420    .rodata..LInstruction_Parse.shortcuts  instruction_manager.o
    0x00003c54   0x00003c54   0x0000015b   Data   RO          327    .rodata.str1.1      cmd_help.o
    0x00003daf   0x00003daf   0x00000045   Data   RO          349    .rodata.str1.1      cmd_self_test.o
    0x00003df4   0x00003df4   0x00000012   Data   RO          419    .rodata.str1.1      instruction_manager.o
    0x00003e06   0x00003e06   0x0000000a   PAD
    0x00003e10   0x00003e10   0x000003d2   Data   RO          328    .rodata.str1.16     cmd_help.o
    0x000041e2   0x000041e2   0x00000002   PAD
    0x000041e4   0x000041e4   0x00000020   Data   RO          649    Region$$Table       anon$$obj.o


    Execution Region RW_IRAM1 (Exec base: 0x20000000, Load base: 0x00004210, Size: 0x000005b8, Max: 0x00001000, ABSOLUTE)

    Exec Addr    Load Addr    Size         Type   Attr      Idx    E Section Name        Object

    0x20000000   0x00004210   0x00000004   Data   RW          611    .data               mc_p.l(stdout.o)
    0x20000004   0x00004214   0x00000004   Data   RW          616    .data               mc_p.l(errno.o)
    0x20000008   0x00004218   0x00000004   Data   RW           67    .data.SystemCoreClock  system_hc32f005.o
    0x2000000c   0x0000421c   0x00000001   Data   RW          417    .data.g_buzzer_volume_percent  instruction_manager.o
    0x2000000d   0x0000421d   0x00000003   PAD
    0x20000010   0x00004220   0x00000004   Data   RW          418    .data.g_pwm_last_delta  instruction_manager.o
    0x20000014   0x00004224   0x0000000c   PAD
    0x20000020        -       0x0000005c   Zero   RW           90    .bss..L_MergedGlobals  main.o
    0x2000007c        -       0x00000008   Zero   RW          291    .bss..L_MergedGlobals  calibration.o
    0x20000084        -       0x0000000c   Zero   RW          308    .bss..L_MergedGlobals  cmd_buzzer.o
    0x20000090        -       0x00000010   Zero   RW          339    .bss..L_MergedGlobals  cmd_ramp.o
    0x200000a0        -       0x00000008   Zero   RW          363    .bss..L_MergedGlobals  cmd_timer.o
    0x200000a8   0x00004224   0x00000008   PAD
    0x200000b0        -       0x00000034   Zero   RW          421    .bss..L_MergedGlobals  instruction_manager.o
    0x200000e4        -       0x000000a0   Zero   RW          289    .bss.active_points  calibration.o
    0x20000184        -       0x00000001   Zero   RW          316    .bss.cal_state      cmd_cal.o
    0x20000185        -       0x00000001   Zero   RW          323    .bss.g_dir_ccw      cmd_direction.o
    0x20000186        -       0x00000080   Zero   RW           87    .bss.g_su_rx_buf    main.o
    0x20000206        -       0x00000100   Zero   RW           88    .bss.g_su_tx_buf    main.o
    0x20000306   0x00004224   0x00000002   PAD
    0x20000308        -       0x00000004   Zero   RW          317    .bss.pending_cmd    cmd_cal.o
    0x2000030c        -       0x00000001   Zero   RW          338    .bss.ramp.0         cmd_ramp.o
    0x2000030d   0x00004224   0x00000003   PAD
    0x20000310        -       0x000000a0   Zero   RW          290    .bss.temp_points    calibration.o
    0x200003b0        -       0x00000001   Zero   RW          362    .bss.timer.0        cmd_timer.o
    0x200003b1   0x00004224   0x00000007   PAD
    0x200003b8        -       0x00000200   Zero   RW            1    STACK               startup_hc32f005.o


==============================================================================

Image component sizes


      Code (inc. data)   RO Data    RW Data    ZI Data      Debug   Object Name

       396         60          0          0          0          0   adc.o
       560        100          0          0        328          0   calibration.o
       180         52          0          0          0          0   cmd_basic.o
       384        124          0          0         12          0   cmd_buzzer.o
       256        160          0          0          5          0   cmd_cal.o
       260        120          0          0          1          0   cmd_direction.o
       448        264       1325          0          0          0   cmd_help.o
       572        128          0          0         17          0   cmd_ramp.o
       848        292         69          0          0          0   cmd_self_test.o
       138         64          0          0          0          0   cmd_start.o
       300         92          0          0          9          0   cmd_timer.o
       194         12          0          0          0          0   ddl.o
       240         36          0          0          0          0   gpio.o
      2066        140         82          5         52          0   instruction_manager.o
       368         16          0          0          0          0   interrupts_hc32f005.o
       972         68          0          0        476          0   main.o
        60         22        192          0        512          0   startup_hc32f005.o
       204         44          0          0          0          0   sysctrl.o
        16          4          0          4          0          0   system_hc32f005.o

    ----------------------------------------------------------------------
      8472       1798       1712         12       1444          0   Object Totals
         0          0         32          0          0          0   (incl. Generated)
        10          0         12          3         32          0   (incl. Padding)

    ----------------------------------------------------------------------

      Code (inc. data)   RO Data    RW Data    ZI Data      Debug   Library Member Name

        42          0          0          0          0          0   atof.o
        88         16          0          0          0          0   frexp.o
       216         10          0          0          0          0   narrow.o
        20          0          0          0          0          0   strtof.o
        68          0          0          0          0          0   _sgetc.o
         8          4        133          0          0          0   ctype_o.o
         0          0          0          0          0          0   entry.o
         0          0          0          0          0          0   entry10a.o
         0          0          0          0          0          0   entry11a.o
         8          4          0          0          0          0   entry2.o
         4          0          0          0          0          0   entry5.o
         0          0          0          0          0          0   entry7b.o
         0          0          0          0          0          0   entry8b.o
         8          4          0          0          0          0   entry9a.o
        24         12          0          4          0          0   errno.o
        30          0          0          0          0          0   handlers.o
        36          8          0          0          0          0   init.o
        18          0          0          0          0          0   isspace_o.o
         0          0          0          0          0          0   iusefp.o
       122          0          0          0          0          0   llmul.o
        32          0          0          0          0          0   llshl.o
        38          0          0          0          0          0   llsshr.o
        34          0          0          0          0          0   llushr.o
        36          0          0          0          0          0   memseta.o
      2252         98          0          0          0          0   printfa.o
        32          4          0          0          0          0   puts.o
       898         12          0          0          0          0   scanf_fp.o
         0          0          0          4          0          0   stdout.o
        20          0          0          0          0          0   strchr.o
        18          0          0          0          0          0   strcpy.o
        14          0          0          0          0          0   strlen.o
        30          0          0          0          0          0   strncmp.o
        26          0          0          0          0          0   strncpy.o
        32          0          0          0          0          0   strpbrk.o
       164         18          0          0          0          0   strtod.o
        26          0          0          0          0          0   strtof.o
        12          0          0          0          0          0   tolower.o
        44          0          0          0          0          0   uidiv.o
        96          0          0          0          0          0   uldiv.o
        40          2          0          0          0          0   cdcmple.o
        40          2          0          0          0          0   cdrcmple.o
        56          0          0          0          0          0   d2f.o
       356          4          0          0          0          0   dadd.o
       240          6          0          0          0          0   ddiv.o
       236          0          0          0          0          0   depilogue.o
        64         10          0          0          0          0   dfixul.o
        28          6          0          0          0          0   dfltul.o
       208          6          0          0          0          0   dmul.o
        44          0          0          0          0          0   dscalb.o
        40          0          0          0          0          0   f2d.o
       178          0          0          0          0          0   fadd.o
        28          0          0          0          0          0   fcmpge.o
        28          0          0          0          0          0   fcmpgt.o
        28          0          0          0          0          0   fcmple.o
        28          0          0          0          0          0   fcmplt.o
       124          0          0          0          0          0   fdiv.o
       130          0          0          0          0          0   fepilogue.o
        40          0          0          0          0          0   ffixui.o
        14          0          0          0          0          0   ffltui.o
       122          0          0          0          0          0   fmul.o
         4          0          0          0          0          0   fpstat.o

    ----------------------------------------------------------------------
      6580        226        136          8          0          0   Library Totals
         8          0          3          0          0          0   (incl. Padding)

    ----------------------------------------------------------------------

      Code (inc. data)   RO Data    RW Data    ZI Data      Debug   Library Name

       366         26          0          0          0          0   m_ps.l
      4130        164        133          8          0          0   mc_p.l
      2076         36          0          0          0          0   mf_p.l

    ----------------------------------------------------------------------
      6580        226        136          8          0          0   Library Totals

    ----------------------------------------------------------------------

==============================================================================


      Code (inc. data)   RO Data    RW Data    ZI Data      Debug   

     15052       2024       1848         20       1444          0   Grand Totals
     15052       2024       1848         20       1444          0   ELF Image Totals
     15052       2024       1848         20          0          0   ROM Totals

==============================================================================

    Total RO  Size (Code + RO Data)                16900 (  16.50kB)
    Total RW  Size (RW Data + ZI Data)              1464 (   1.43kB)
    Total ROM Size (Code + RO Data + RW Data)      16920 (  16.52kB)

==============================================================================

