Component: ARM Compiler 6.7 Tool: armlink [5c9ef700]

==============================================================================

Image Symbol Table

    Local Symbols

    Symbol Name                              Value     Ov Type        Size  Object(Section)

    RESET                                    0x00000000   Section      192  startup_hc32f005.o(RESET)
    ../clib/microlib/ctype/ctype.c           0x00000000   Number         0  ctype_c.o ABSOLUTE
    ../clib/microlib/ctype/ctype.c           0x00000000   Number         0  isxdigit_o.o ABSOLUTE
    ../clib/microlib/ctype/ctype.c           0x00000000   Number         0  ctype_o.o ABSOLUTE
    ../clib/microlib/ctype/ctype.c           0x00000000   Number         0  isspace_c.o ABSOLUTE
    ../clib/microlib/ctype/ctype.c           0x00000000   Number         0  isalnum_o.o ABSOLUTE
    ../clib/microlib/ctype/ctype.c           0x00000000   Number         0  isalpha_o.o ABSOLUTE
    ../clib/microlib/ctype/ctype.c           0x00000000   Number         0  isblank_o.o ABSOLUTE
    ../clib/microlib/ctype/ctype.c           0x00000000   Number         0  iscntrl_o.o ABSOLUTE
    ../clib/microlib/ctype/ctype.c           0x00000000   Number         0  isdigit_o.o ABSOLUTE
    ../clib/microlib/ctype/ctype.c           0x00000000   Number         0  islower_o.o ABSOLUTE
    ../clib/microlib/ctype/ctype.c           0x00000000   Number         0  isprint_o.o ABSOLUTE
    ../clib/microlib/ctype/ctype.c           0x00000000   Number         0  ispunct_o.o ABSOLUTE
    ../clib/microlib/ctype/ctype.c           0x00000000   Number         0  isspace_o.o ABSOLUTE
    ../clib/microlib/ctype/ctype.c           0x00000000   Number         0  isgraph_o.o ABSOLUTE
    ../clib/microlib/ctype/ctype.c           0x00000000   Number         0  isupper_o.o ABSOLUTE
    ../clib/microlib/ctype/tolower.c         0x00000000   Number         0  tolower.o ABSOLUTE
    ../clib/microlib/division.c              0x00000000   Number         0  uldiv.o ABSOLUTE
    ../clib/microlib/division.c              0x00000000   Number         0  uidiv.o ABSOLUTE
    ../clib/microlib/errno.c                 0x00000000   Number         0  errno.o ABSOLUTE
    ../clib/microlib/init/entry.s            0x00000000   Number         0  entry11a.o ABSOLUTE
    ../clib/microlib/init/entry.s            0x00000000   Number         0  entry8b.o ABSOLUTE
    ../clib/microlib/init/entry.s            0x00000000   Number         0  entry9b.o ABSOLUTE
    ../clib/microlib/init/entry.s            0x00000000   Number         0  entry10a.o ABSOLUTE
    ../clib/microlib/init/entry.s            0x00000000   Number         0  entry9a.o ABSOLUTE
    ../clib/microlib/init/entry.s            0x00000000   Number         0  entry.o ABSOLUTE
    ../clib/microlib/init/entry.s            0x00000000   Number         0  entry7a.o ABSOLUTE
    ../clib/microlib/init/entry.s            0x00000000   Number         0  entry5.o ABSOLUTE
    ../clib/microlib/init/entry.s            0x00000000   Number         0  entry11b.o ABSOLUTE
    ../clib/microlib/init/entry.s            0x00000000   Number         0  entry10b.o ABSOLUTE
    ../clib/microlib/init/entry.s            0x00000000   Number         0  entry2.o ABSOLUTE
    ../clib/microlib/init/entry.s            0x00000000   Number         0  entry7b.o ABSOLUTE
    ../clib/microlib/init/entry.s            0x00000000   Number         0  entry8a.o ABSOLUTE
    ../clib/microlib/longlong.c              0x00000000   Number         0  llushr.o ABSOLUTE
    ../clib/microlib/longlong.c              0x00000000   Number         0  llshl.o ABSOLUTE
    ../clib/microlib/longlong.c              0x00000000   Number         0  llmul.o ABSOLUTE
    ../clib/microlib/longlong.c              0x00000000   Number         0  llsshr.o ABSOLUTE
    ../clib/microlib/printf/printf.c         0x00000000   Number         0  printfb.o ABSOLUTE
    ../clib/microlib/printf/printf.c         0x00000000   Number         0  printf8.o ABSOLUTE
    ../clib/microlib/printf/printf.c         0x00000000   Number         0  printf0.o ABSOLUTE
    ../clib/microlib/printf/printf.c         0x00000000   Number         0  printf1.o ABSOLUTE
    ../clib/microlib/printf/printf.c         0x00000000   Number         0  printf2.o ABSOLUTE
    ../clib/microlib/printf/printf.c         0x00000000   Number         0  printf3.o ABSOLUTE
    ../clib/microlib/printf/printf.c         0x00000000   Number         0  printfa.o ABSOLUTE
    ../clib/microlib/printf/printf.c         0x00000000   Number         0  printf4.o ABSOLUTE
    ../clib/microlib/printf/printf.c         0x00000000   Number         0  printf5.o ABSOLUTE
    ../clib/microlib/printf/printf.c         0x00000000   Number         0  printf6.o ABSOLUTE
    ../clib/microlib/printf/printf.c         0x00000000   Number         0  printf7.o ABSOLUTE
    ../clib/microlib/printf/stubs.s          0x00000000   Number         0  stubs.o ABSOLUTE
[...]
    [Anonymous Symbol]                       0x000019c8   Section        0  interrupts_hc32f005.o(.text.HardFault_Handler)
    [Anonymous Symbol]                       0x000019d8   Section        0  cmd_help.o(.text.Help_Parse)
    __arm_cp.0_2                             0x00001aa0   Number         4  cmd_help.o(.text.Help_Parse)
    __arm_cp.0_3                             0x00001aa4   Number         4  cmd_help.o(.text.Help_Parse)
    __arm_cp.0_4                             0x00001aa8   Number         4  cmd_help.o(.text.Help_Parse)
    __arm_cp.0_5                             0x00001aac   Number         4  cmd_help.o(.text.Help_Parse)
    __arm_cp.0_6                             0x00001ab0   Number         4  cmd_help.o(.text.Help_Parse)
    __arm_cp.0_7                             0x00001ab4   Number         4  cmd_help.o(.text.Help_Parse)
    __arm_cp.0_8                             0x00001ab8   Number         4  cmd_help.o(.text.Help_Parse)
    __arm_cp.0_9                             0x00001abc   Number         4  cmd_help.o(.text.Help_Parse)
    __arm_cp.0_10                            0x00001ac0   Number         4  cmd_help.o(.text.Help_Parse)
    __arm_cp.0_11                            0x00001ac4   Number         4  cmd_help.o(.text.Help_Parse)
    __arm_cp.0_12                            0x00001ac8   Number         4  cmd_help.o(.text.Help_Parse)
    __arm_cp.0_13                            0x00001acc   Number         4  cmd_help.o(.text.Help_Parse)
    __arm_cp.0_14                            0x00001ad0   Number         4  cmd_help.o(.text.Help_Parse)
    __arm_cp.0_16                            0x00001ae0   Number         4  cmd_help.o(.text.Help_Parse)
    __arm_cp.0_17                            0x00001ae4   Number         4  cmd_help.o(.text.Help_Parse)
    __arm_cp.0_18                            0x00001ae8   Number         4  cmd_help.o(.text.Help_Parse)
    __arm_cp.0_19                            0x00001aec   Number         4  cmd_help.o(.text.Help_Parse)
    __arm_cp.0_20                            0x00001af0   Number         4  cmd_help.o(.text.Help_Parse)
    __arm_cp.0_21                            0x00001af4   Number         4  cmd_help.o(.text.Help_Parse)
    __arm_cp.0_22                            0x00001af8   Number         4  cmd_help.o(.text.Help_Parse)
    __arm_cp.0_23                            0x00001afc   Number         4  cmd_help.o(.text.Help_Parse)
    __arm_cp.0_24                            0x00001b00   Number         4  cmd_help.o(.text.Help_Parse)
    __arm_cp.0_25                            0x00001b04   Number         4  cmd_help.o(.text.Help_Parse)
    __arm_cp.0_26                            0x00001b08   Number         4  cmd_help.o(.text.Help_Parse)
    __arm_cp.0_27                            0x00001b0c   Number         4  cmd_help.o(.text.Help_Parse)
    __arm_cp.0_28                            0x00001b10   Number         4  cmd_help.o(.text.Help_Parse)
    __arm_cp.0_30                            0x00001b28   Number         4  cmd_help.o(.text.Help_Parse)
    __arm_cp.0_31                            0x00001b2c   Number         4  cmd_help.o(.text.Help_Parse)
    [Anonymous Symbol]                       0x00001b98   Section        0  interrupts_hc32f005.o(.text.I2C_IRQHandler)
    [Anonymous Symbol]                       0x00001ba0   Section        0  instruction_manager.o(.text.Instruction_GetSpeed)
    [Anonymous Symbol]                       0x00001ba8   Section        0  instruction_manager.o(.text.Instruction_Init)
    __arm_cp.13_1                            0x00001db4   Number         4  instruction_manager.o(.text.Instruction_Init)
    __arm_cp.13_2                            0x00001db8   Number         4  instruction_manager.o(.text.Instruction_Init)
    __arm_cp.13_3                            0x00001dbc   Number         4  instruction_manager.o(.text.Instruction_Init)
    __arm_cp.13_4                            0x00001dc0   Number         4  instruction_manager.o(.text.Instruction_Init)
    __arm_cp.13_5                            0x00001dc4   Number         4  instruction_manager.o(.text.Instruction_Init)
    __arm_cp.13_6                            0x00001dc8   Number         4  instruction_manager.o(.text.Instruction_Init)
    __arm_cp.13_7                            0x00001dcc   Number         4  instruction_manager.o(.text.Instruction_Init)
    __arm_cp.13_8                            0x00001dd0   Number         4  instruction_manager.o(.text.Instruction_Init)
    __arm_cp.13_9                            0x00001dd4   Number         4  instruction_manager.o(.text.Instruction_Init)
    __arm_cp.13_10                           0x00001dd8   Number         4  instruction_manager.o(.text.Instruction_Init)
    [Anonymous Symbol]                       0x00001ddc   Section        0  instruction_manager.o(.text.Instruction_Loop)
    [Anonymous Symbol]                       0x00001e0c   Section        0  instruction_manager.o(.text.Instruction_Parse)
    __arm_cp.16_0                            0x00001f04   Number         4  instruction_manager.o(.text.Instruction_Parse)
    [Anonymous Symbol]                       0x00001f1c   Section        0  instruction_manager.o(.text.Instruction_SetMode)
    [Anonymous Symbol]                       0x00001f24   Section        0  instruction_manager.o(.text.Instruction_SetSpeed)
    __arm_cp.20_0                            0x00001f2c   Number         4  instruction_manager.o(.text.Instruction_SetSpeed)
    [Anonymous Symbol]                       0x00001f30   Section        0  interrupts_hc32f005.o(.text.LVD_IRQHandler)
    [Anonymous Symbol]                       0x00001f38   Section        0  instruction_manager.o(.text.Miku_Adc_ReadRaw)
    __arm_cp.9_0                             0x00001f70   Number         4  instruction_manager.o(.text.Miku_Adc_ReadRaw)
    [Anonymous Symbol]                       0x00001f74   Section        0  instruction_manager.o(.text.Miku_Adc_ReadVoltage)
    __arm_cp.10_0                            0x00001f8c   Number         4  instruction_manager.o(.text.Miku_Adc_ReadVoltage)
    __arm_cp.10_1                            0x00001f90   Number         4  instruction_manager.o(.text.Miku_Adc_ReadVoltage)
    [Anonymous Symbol]                       0x00001f94   Section        0  instruction_manager.o(.text.Miku_Buzzer_SetEnable)
    [Anonymous Symbol]                       0x00002000   Section        0  instruction_manager.o(.text.Miku_Buzzer_SetVolume)
    __arm_cp.8_0                             0x00002020   Number         4  instruction_manager.o(.text.Miku_Buzzer_SetVolume)
    [Anonymous Symbol]                       0x00002024   Section        0  instruction_manager.o(.text.Miku_DelayMs)
    [Anonymous Symbol]                       0x0000202c   Section        0  instruction_manager.o(.text.Miku_GetTick)
    __arm_cp.0_0                             0x00002034   Number         4  instruction_manager.o(.text.Miku_GetTick)
    [Anonymous Symbol]                       0x00002038   Section        0  instruction_manager.o(.text.Miku_GpioOutInit)
    Miku_GpioOutInit                         0x00002039   Thumb Code    54  instruction_manager.o(.text.Miku_GpioOutInit)
    [Anonymous Symbol]                       0x0000206e   Section        0  instruction_manager.o(.text.Miku_Motor_SetDirectionCcw)
    [Anonymous Symbol]                       0x00002084   Section        0  instruction_manager.o(.text.Miku_Motor_SetSpeedPercent)
    __arm_cp.4_0                             0x0000211c   Number         4  instruction_manager.o(.text.Miku_Motor_SetSpeedPercent)
    __arm_cp.4_2                             0x00002120   Number         4  instruction_manager.o(.text.Miku_Motor_SetSpeedPercent)
    [Anonymous Symbol]                       0x00002124   Section        0  instruction_manager.o(.text.Miku_Motor_SetStop)
    [Anonymous Symbol]                       0x00002138   Section        0  instruction_manager.o(.text.Miku_PwmApplySchedule)
    Miku_PwmApplySchedule                    0x00002139   Thumb Code    44  instruction_manager.o(.text.Miku_PwmApplySchedule)
    __arm_cp.23_0                            0x00002158   Number         4  instruction_manager.o(.text.Miku_PwmApplySchedule)
    __arm_cp.23_1                            0x0000215c   Number         4  instruction_manager.o(.text.Miku_PwmApplySchedule)
    [Anonymous Symbol]                       0x00002160   Section        0  instruction_manager.o(.text.Miku_PwmChanSetEnable)
    Miku_PwmChanSetEnable                    0x00002161   Thumb Code    68  instruction_manager.o(.text.Miku_PwmChanSetEnable)
    [Anonymous Symbol]                       0x000021a4   Section        0  instruction_manager.o(.text.Miku_PwmRecalcAndApply)
    Miku_PwmRecalcAndApply                   0x000021a5   Thumb Code    84  instruction_manager.o(.text.Miku_PwmRecalcAndApply)
    __arm_cp.6_0                             0x000021ec   Number         4  instruction_manager.o(.text.Miku_PwmRecalcAndApply)
    __arm_cp.6_1                             0x000021f0   Number         4  instruction_manager.o(.text.Miku_PwmRecalcAndApply)
    __arm_cp.6_2                             0x000021f4   Number         4  instruction_manager.o(.text.Miku_PwmRecalcAndApply)
    [Anonymous Symbol]                       0x000021f8   Section        0  interrupts_hc32f005.o(.text.PCA_IRQHandler)
    [Anonymous Symbol]                       0x00002200   Section        0  interrupts_hc32f005.o(.text.PCNT_IRQHandler)
    [Anonymous Symbol]                       0x00002208   Section        0  interrupts_hc32f005.o(.text.PORT0_IRQHandler)
    [Anonymous Symbol]                       0x00002210   Section        0  interrupts_hc32f005.o(.text.PORT1_IRQHandler)
    [Anonymous Symbol]                       0x00002218   Section        0  interrupts_hc32f005.o(.text.PORT2_IRQHandler)
    [Anonymous Symbol]                       0x00002220   Section        0  interrupts_hc32f005.o(.text.PORT3_IRQHandler)
    [Anonymous Symbol]                       0x00002228   Section        0  cmd_ramp.o(.text.Parse_Ramp_Time)
    Parse_Ramp_Time                          0x00002229   Thumb Code    32  cmd_ramp.o(.text.Parse_Ramp_Time)
    __arm_cp.1_0                             0x00002244   Number         4  cmd_ramp.o(.text.Parse_Ramp_Time)
    [Anonymous Symbol]                       0x00002248   Section        0  cmd_ramp.o(.text.Ramp_Parse)
    __arm_cp.0_0                             0x00002380   Number         4  cmd_ramp.o(.text.Ramp_Parse)
    __arm_cp.0_1                             0x00002384   Number         4  cmd_ramp.o(.text.Ramp_Parse)
    __arm_cp.0_2                             0x00002388   Number         4  cmd_ramp.o(.text.Ramp_Parse)
    __arm_cp.0_4                             0x000023b0   Number         4  cmd_ramp.o(.text.Ramp_Parse)
    [Anonymous Symbol]                       0x000023e4   Section        0  cmd_ramp.o(.text.Ramp_Stop)
    [Anonymous Symbol]                       0x000023ec   Section        0  cmd_ramp.o(.text.Ramp_Update)
    __arm_cp.2_0                             0x0000244c   Number         4  cmd_ramp.o(.text.Ramp_Update)
    __arm_cp.2_1                             0x00002450   Number         4  cmd_ramp.o(.text.Ramp_Update)
    [Anonymous Symbol]                       0x00002464   Section        0  interrupts_hc32f005.o(.text.SPI_IRQHandler)
    [Anonymous Symbol]                       0x0000246c   Section        0  cmd_self_test.o(.text.SelfTest_Parse)
    [Anonymous Symbol]                       0x000024a4   Section        0  cmd_self_test.o(.text.SelfTest_Run)
    __arm_cp.1_3                             0x000025e4   Number         4  cmd_self_test.o(.text.SelfTest_Run)
    __arm_cp.1_4                             0x000025e8   Number         4  cmd_self_test.o(.text.SelfTest_Run)
    __arm_cp.1_5                             0x000025ec   Number         4  cmd_self_test.o(.text.SelfTest_Run)
    __arm_cp.1_6                             0x000025f0   Number         4  cmd_self_test.o(.text.SelfTest_Run)
    __arm_cp.1_7                             0x000025f4   Number         4  cmd_self_test.o(.text.SelfTest_Run)
    __arm_cp.1_8                             0x000025f8   Number         4  cmd_self_test.o(.text.SelfTest_Run)
    __arm_cp.1_9                             0x000025fc   Number         4  cmd_self_test.o(.text.SelfTest_Run)
    __arm_cp.1_10                            0x00002600   Number         4  cmd_self_test.o(.text.SelfTest_Run)
    __arm_cp.1_12                            0x00002610   Number         4  cmd_self_test.o(.text.SelfTest_Run)
    [Anonymous Symbol]                       0x00002660   Section        0  ddl.o(.text.SetBit)
    [Anonymous Symbol]                       0x00002678   Section        0  main.o(.text.SoftUart_DelayCycles)
    SoftUart_DelayCycles                     0x00002679   Thumb Code    52  main.o(.text.SoftUart_DelayCycles)
    __arm_cp.6_0                             0x000026a4   Number         4  main.o(.text.SoftUart_DelayCycles)
    __arm_cp.6_1                             0x000026a8   Number         4  main.o(.text.SoftUart_DelayCycles)
    [Anonymous Symbol]                       0x000026ac   Section        0  cmd_start.o(.text.Start_Init)
    [Anonymous Symbol]                       0x000026b8   Section        0  cmd_start.o(.text.Start_Parse)
    [Anonymous Symbol]                       0x00002738   Section        0  interrupts_hc32f005.o(.text.SysTick_Handler)
    [Anonymous Symbol]                       0x00002740   Section        0  sysctrl.o(.text.Sysctrl_GetHClkFreq)
    __arm_cp.5_0                             0x000027bc   Number         4  sysctrl.o(.text.Sysctrl_GetHClkFreq)
    __arm_cp.5_2                             0x000027c0   Number         4  sysctrl.o(.text.Sysctrl_GetHClkFreq)
    __arm_cp.5_3                             0x000027c4   Number         4  sysctrl.o(.text.Sysctrl_GetHClkFreq)
    __arm_cp.5_4                             0x000027c8   Number         4  sysctrl.o(.text.Sysctrl_GetHClkFreq)
    __arm_cp.5_5                             0x000027cc   Number         4  sysctrl.o(.text.Sysctrl_GetHClkFreq)
    __arm_cp.5_6                             0x000027d0   Number         4  sysctrl.o(.text.Sysctrl_GetHClkFreq)
    __arm_cp.5_7                             0x000027d4   Number         4  sysctrl.o(.text.Sysctrl_GetHClkFreq)
    __arm_cp.5_8                             0x000027d8   Number         4  sysctrl.o(.text.Sysctrl_GetHClkFreq)
    __arm_cp.5_9                             0x000027dc   Number         4  sysctrl.o(.text.Sysctrl_GetHClkFreq)
    [Anonymous Symbol]                       0x000027e0   Section        0  sysctrl.o(.text.Sysctrl_GetPClkFreq)
    __arm_cp.6_0                             0x000027f4   Number         4  sysctrl.o(.text.Sysctrl_GetPClkFreq)
    [Anonymous Symbol]                       0x000027f8   Section        0  sysctrl.o(.text.Sysctrl_SetPeripheralGate)
    __arm_cp.14_0                            0x00002808   Number         4  sysctrl.o(.text.Sysctrl_SetPeripheralGate)
    [Anonymous Symbol]                       0x0000280c   Section        0  system_hc32f005.o(.text.SystemInit)
    __arm_cp.1_0                             0x00002818   Number         4  system_hc32f005.o(.text.SystemInit)
    [Anonymous Symbol]                       0x0000281c   Section        0  interrupts_hc32f005.o(.text.TIM0_IRQHandler)
    [Anonymous Symbol]                       0x00002824   Section        0  interrupts_hc32f005.o(.text.TIM1_IRQHandler)
    [Anonymous Symbol]                       0x0000282c   Section        0  interrupts_hc32f005.o(.text.TIM2_IRQHandler)
    [Anonymous Symbol]                       0x00002834   Section        0  interrupts_hc32f005.o(.text.TIM3_IRQHandler)
    [Anonymous Symbol]                       0x0000283c   Section        0  interrupts_hc32f005.o(.text.TIM4_IRQHandler)
    [Anonymous Symbol]                       0x00002844   Section        0  interrupts_hc32f005.o(.text.TIM5_IRQHandler)
    [Anonymous Symbol]                       0x0000284c   Section        0  interrupts_hc32f005.o(.text.TIM6_IRQHandler)
    [Anonymous Symbol]                       0x00002854   Section        0  instruction_manager.o(.text.Tim1_IRQHandler)
    __arm_cp.11_0                            0x00002870   Number         4  instruction_manager.o(.text.Tim1_IRQHandler)
    [Anonymous Symbol]                       0x00002874   Section        0  instruction_manager.o(.text.Tim2_IRQHandler)
    __arm_cp.12_0                            0x00002934   Number         4  instruction_manager.o(.text.Tim2_IRQHandler)
    __arm_cp.12_1                            0x00002938   Number         4  instruction_manager.o(.text.Tim2_IRQHandler)
    __arm_cp.12_2                            0x0000293c   Number         4  instruction_manager.o(.text.Tim2_IRQHandler)
    [Anonymous Symbol]                       0x00002940   Section        0  cmd_timer.o(.text.Timer_Parse)
    __arm_cp.0_0                             0x000029e0   Number         4  cmd_timer.o(.text.Timer_Parse)
    __arm_cp.0_1                             0x000029e4   Number         4  cmd_timer.o(.text.Timer_Parse)
    __arm_cp.0_2                             0x000029e8   Number         4  cmd_timer.o(.text.Timer_Parse)
    [Anonymous Symbol]                       0x00002a14   Section        0  cmd_timer.o(.text.Timer_Stop)
    [Anonymous Symbol]                       0x00002a1c   Section        0  cmd_timer.o(.text.Timer_Update)
    __arm_cp.1_0                             0x00002a44   Number         4  cmd_timer.o(.text.Timer_Update)
    __arm_cp.1_1                             0x00002a48   Number         4  cmd_timer.o(.text.Timer_Update)
    [Anonymous Symbol]                       0x00002a6c   Section        0  interrupts_hc32f005.o(.text.UART0_IRQHandler)
    [Anonymous Symbol]                       0x00002a74   Section        0  interrupts_hc32f005.o(.text.UART1_IRQHandler)
    [Anonymous Symbol]                       0x00002a7c   Section        0  main.o(.text.Uart0_SendByteTimeout)
    Uart0_SendByteTimeout                    0x00002a7d   Thumb Code    48  main.o(.text.Uart0_SendByteTimeout)
    [Anonymous Symbol]                       0x00002aac   Section        0  uart.o(.text.Uart_ClrStatus)
    [Anonymous Symbol]                       0x00002abc   Section        0  uart.o(.text.Uart_EnableFunc)
    [Anonymous Symbol]                       0x00002aca   Section        0  uart.o(.text.Uart_GetStatus)
    [Anonymous Symbol]                       0x00002ad4   Section        0  uart.o(.text.Uart_Init)
    __arm_cp.17_0                            0x00002af4   Number         4  uart.o(.text.Uart_Init)
    [Anonymous Symbol]                       0x00002af8   Section        0  main.o(.text.Uart_Init_Config)
    __arm_cp.2_0                             0x00002bf0   Number         4  main.o(.text.Uart_Init_Config)
    __arm_cp.2_1                             0x00002bf4   Number         4  main.o(.text.Uart_Init_Config)
    [Anonymous Symbol]                       0x00002bf8   Section        0  uart.o(.text.Uart_SetBaudRate)
    __arm_cp.7_0                             0x00002c30   Number         4  uart.o(.text.Uart_SetBaudRate)
    [Anonymous Symbol]                       0x00002c34   Section        0  interrupts_hc32f005.o(.text.VC0_IRQHandler)
    [Anonymous Symbol]                       0x00002c3c   Section        0  interrupts_hc32f005.o(.text.VC1_IRQHandler)
    [Anonymous Symbol]                       0x00002c44   Section        0  cmd_self_test.o(.text.Verify_Step)
    Verify_Step                              0x00002c45   Thumb Code   296  cmd_self_test.o(.text.Verify_Step)
    __arm_cp.3_1                             0x00002d30   Number         4  cmd_self_test.o(.text.Verify_Step)
    __arm_cp.3_2                             0x00002d34   Number         4  cmd_self_test.o(.text.Verify_Step)
    [Anonymous Symbol]                       0x00002d6c   Section        0  interrupts_hc32f005.o(.text.WDT_IRQHandler)
    [Anonymous Symbol]                       0x00002d74   Section        0  instruction_manager.o(.text.custom_stricmp)
    [Anonymous Symbol]                       0x00002db2   Section        0  ddl.o(.text.ddl_memclr)
    [Anonymous Symbol]                       0x00002dc8   Section        0  ddl.o(.text.delay10us)
    __arm_cp.9_3                             0x00002e04   Number         4  ddl.o(.text.delay10us)
    [Anonymous Symbol]                       0x00002e08   Section        0  ddl.o(.text.delay1ms)
    __arm_cp.7_0                             0x00002e44   Number         4  ddl.o(.text.delay1ms)
    __arm_cp.7_1                             0x00002e48   Number         4  ddl.o(.text.delay1ms)
    [Anonymous Symbol]                       0x00002e4c   Section        0  main.o(.text.fputc)
    [Anonymous Symbol]                       0x00002e5c   Section        0  main.o(.text.main)
    __arm_cp.5_1                             0x00002fc0   Number         4  main.o(.text.main)
    __arm_cp.5_2                             0x00002fc4   Number         4  main.o(.text.main)
    __arm_cp.5_3                             0x00002fc8   Number         4  main.o(.text.main)
    i.__0printf                              0x00002fcc   Section        0  printfa.o(i.__0printf)
    i.__ARM_clz                              0x00002fec   Section        0  depilogue.o(i.__ARM_clz)
    i.__mathlib_narrow                       0x0000301a   Section        0  narrow.o(i.__mathlib_narrow)
    i.__mathlib_tofloat                      0x0000302c   Section        0  narrow.o(i.__mathlib_tofloat)
    i.__read_errno                           0x000030f4   Section        0  errno.o(i.__read_errno)
    i.__scatterload_copy                     0x00003100   Section       14  handlers.o(i.__scatterload_copy)
    i.__scatterload_null                     0x0000310e   Section        2  handlers.o(i.__scatterload_null)
    i.__scatterload_zeroinit                 0x00003110   Section       14  handlers.o(i.__scatterload_zeroinit)
    i.__set_errno                            0x00003120   Section        0  errno.o(i.__set_errno)
    i._fp_digits                             0x0000312c   Section        0  printfa.o(i._fp_digits)
    _fp_digits                               0x0000312d   Thumb Code   344  printfa.o(i._fp_digits)
    i._is_digit                              0x000032a0   Section        0  scanf_fp.o(i._is_digit)
    i._printf_core                           0x000032b0   Section        0  printfa.o(i._printf_core)
    _printf_core                             0x000032b1   Thumb Code  1754  printfa.o(i._printf_core)
    i._printf_post_padding                   0x0000399c   Section        0  printfa.o(i._printf_post_padding)
    _printf_post_padding                     0x0000399d   Thumb Code    32  printfa.o(i._printf_post_padding)
    i._printf_pre_padding                    0x000039bc   Section        0  printfa.o(i._printf_pre_padding)
    _printf_pre_padding                      0x000039bd   Thumb Code    44  printfa.o(i._printf_pre_padding)
    i.atof                                   0x000039e8   Section        0  atof.o(i.atof)
    i.frexp                                  0x00003a14   Section        0  frexp.o(i.frexp)
    i.puts                                   0x00003a6c   Section        0  puts.o(i.puts)
    i.strtof                                 0x00003a8c   Section        0  strtof.o(i.strtof)
    .constdata                               0x00003aa0   Section      129  ctype_o.o(.constdata)
    .constdata                               0x00003b24   Section        4  ctype_o.o(.constdata)
    table                                    0x00003b24   Data           4  ctype_o.o(.constdata)
    [Anonymous Symbol]                       0x00003b28   Section        0  instruction_manager.o(.rodata..LInstruction_Parse.shortcuts)
    [Anonymous Symbol]                       0x00003b68   Section        0  cmd_help.o(.rodata.str1.1)
    .L.str.12                                0x00003b68   Data          58  cmd_help.o(.rodata.str1.1)
    .L.str.11                                0x00003ba2   Data          58  cmd_help.o(.rodata.str1.1)
    .L.str.6                                 0x00003bdc   Data          73  cmd_help.o(.rodata.str1.1)
    .L.str.14                                0x00003c25   Data          59  cmd_help.o(.rodata.str1.1)
    .L.str.10                                0x00003c60   Data          57  cmd_help.o(.rodata.str1.1)
    .Lstr.38                                 0x00003c99   Data          11  cmd_help.o(.rodata.str1.1)
    .Lstr.45                                 0x00003ca4   Data          15  cmd_help.o(.rodata.str1.1)
    .Lstr.35                                 0x00003cb3   Data          16  cmd_help.o(.rodata.str1.1)
    [Anonymous Symbol]                       0x00003cc3   Section        0  cmd_self_test.o(.rodata.str1.1)
    .L.str.4                                 0x00003cc3   Data          42  cmd_self_test.o(.rodata.str1.1)
    .L.str.7                                 0x00003ced   Data          14  cmd_self_test.o(.rodata.str1.1)
    .L.str.5                                 0x00003cfb   Data          13  cmd_self_test.o(.rodata.str1.1)
    .L.str.6                                 0x00003d00   Data           8  cmd_self_test.o(.rodata.str1.1)
    [Anonymous Symbol]                       0x00003d08   Section        0  instruction_manager.o(.rodata.str1.1)
    .L.str.5                                 0x00003d08   Data           5  instruction_manager.o(.rodata.str1.1)
    .L.str.4                                 0x00003d0d   Data           2  instruction_manager.o(.rodata.str1.1)
    .L.str.3                                 0x00003d0f   Data           4  instruction_manager.o(.rodata.str1.1)
    .L.str.1                                 0x00003d13   Data           3  instruction_manager.o(.rodata.str1.1)
    .L.str                                   0x00003d16   Data           2  instruction_manager.o(.rodata.str1.1)
    .L.str.2                                 0x00003d18   Data           2  instruction_manager.o(.rodata.str1.1)
    .L.str.6                                 0x00003d19   Data           1  instruction_manager.o(.rodata.str1.1)
    [Anonymous Symbol]                       0x00003d20   Section        0  cmd_help.o(.rodata.str1.16)
    .Lstr.40                                 0x00003d20   Data          57  cmd_help.o(.rodata.str1.16)
    .Lstr.37                                 0x00003d60   Data          53  cmd_help.o(.rodata.str1.16)
    .Lstr.61                                 0x00003da0   Data          52  cmd_help.o(.rodata.str1.16)
    .Lstr.33                                 0x00003de0   Data          52  cmd_help.o(.rodata.str1.16)
    .Lstr.36                                 0x00003e20   Data          50  cmd_help.o(.rodata.str1.16)
    .Lstr.52                                 0x00003e60   Data          39  cmd_help.o(.rodata.str1.16)
    .Lstr.51                                 0x00003e90   Data          38  cmd_help.o(.rodata.str1.16)
    .Lstr.55                                 0x00003ec0   Data          62  cmd_help.o(.rodata.str1.16)
    .Lstr.47                                 0x00003f00   Data          45  cmd_help.o(.rodata.str1.16)
    .Lstr.48                                 0x00003f30   Data          47  cmd_help.o(.rodata.str1.16)
    .Lstr.56                                 0x00003f60   Data          68  cmd_help.o(.rodata.str1.16)
    .Lstr.42                                 0x00003fb0   Data          45  cmd_help.o(.rodata.str1.16)
    .Lstr.43                                 0x00003fe0   Data          48  cmd_help.o(.rodata.str1.16)
    .Lstr.46                                 0x00004010   Data          43  cmd_help.o(.rodata.str1.16)
    .Lstr.50                                 0x00004040   Data          24  cmd_help.o(.rodata.str1.16)
    .Lstr.41                                 0x00004060   Data          17  cmd_help.o(.rodata.str1.16)
    .Lstr                                    0x00004080   Data          52  cmd_help.o(.rodata.str1.16)
    .Lstr.34                                 0x000040c0   Data          50  cmd_help.o(.rodata.str1.16)
    .data                                    0x20000000   Section        4  stdout.o(.data)
    .data                                    0x20000004   Section        4  errno.o(.data)
    _errno                                   0x20000004   Data           4  errno.o(.data)
    [Anonymous Symbol]                       0x2000000c   Section        0  instruction_manager.o(.data.g_buzzer_volume_percent)
    g_buzzer_volume_percent                  0x2000000c   Data           1  instruction_manager.o(.data.g_buzzer_volume_percent)
    [Anonymous Symbol]                       0x20000010   Section        0  instruction_manager.o(.data.g_pwm_last_delta)
    g_pwm_last_delta                         0x20000010   Data           4  instruction_manager.o(.data.g_pwm_last_delta)
    [Anonymous Symbol]                       0x20000020   Section        0  main.o(.bss..L_MergedGlobals)
    main.last_led_ms                         0x20000020   Data           4  main.o(.bss..L_MergedGlobals)
    main.cmd_len                             0x20000024   Data           4  main.o(.bss..L_MergedGlobals)
    main.cmd_buf                             0x20000028   Data          64  main.o(.bss..L_MergedGlobals)
    [Anonymous Symbol]                       0x20000068   Section        0  calibration.o(.bss..L_MergedGlobals)
    active_count                             0x20000068   Data           4  calibration.o(.bss..L_MergedGlobals)
    temp_count                               0x2000006c   Data           4  calibration.o(.bss..L_MergedGlobals)
    [Anonymous Symbol]                       0x20000070   Section        0  cmd_buzzer.o(.bss..L_MergedGlobals)
    buzzer_state                             0x20000070   Data           1  cmd_buzzer.o(.bss..L_MergedGlobals)
    buzzer_timer_active                      0x20000071   Data           1  cmd_buzzer.o(.bss..L_MergedGlobals)
    buzzer_start_time                        0x20000074   Data           4  cmd_buzzer.o(.bss..L_MergedGlobals)
    buzzer_delay_ms                          0x20000078   Data           4  cmd_buzzer.o(.bss..L_MergedGlobals)
    [Anonymous Symbol]                       0x2000007c   Section        0  cmd_ramp.o(.bss..L_MergedGlobals)
    ramp.1                                   0x2000007c   Data           4  cmd_ramp.o(.bss..L_MergedGlobals)
    ramp.2                                   0x20000080   Data           4  cmd_ramp.o(.bss..L_MergedGlobals)
    ramp.3                                   0x20000084   Data           4  cmd_ramp.o(.bss..L_MergedGlobals)
    ramp.4                                   0x20000088   Data           4  cmd_ramp.o(.bss..L_MergedGlobals)
    [Anonymous Symbol]                       0x2000008c   Section        0  cmd_timer.o(.bss..L_MergedGlobals)
    timer.1                                  0x2000008c   Data           4  cmd_timer.o(.bss..L_MergedGlobals)
    timer.2                                  0x20000090   Data           4  cmd_timer.o(.bss..L_MergedGlobals)
    [Anonymous Symbol]                       0x200000a0   Section        0  instruction_manager.o(.bss..L_MergedGlobals)
    g_miku_ms_tick                           0x200000a0   Data           4  instruction_manager.o(.bss..L_MergedGlobals)
    g_pwm_tick_hz                            0x200000a4   Data           4  instruction_manager.o(.bss..L_MergedGlobals)
    current_speed                            0x200000a8   Data           4  instruction_manager.o(.bss..L_MergedGlobals)
    global_mode                              0x200000ac   Data           4  instruction_manager.o(.bss..L_MergedGlobals)
    Instruction_Loop.last_tick               0x200000b0   Data           4  instruction_manager.o(.bss..L_MergedGlobals)
    g_pwm_motor                              0x200000b4   Data          16  instruction_manager.o(.bss..L_MergedGlobals)
    g_pwm_buzzer                             0x200000c4   Data          16  instruction_manager.o(.bss..L_MergedGlobals)
    [Anonymous Symbol]                       0x200000d4   Section        0  calibration.o(.bss.active_points)
    active_points                            0x200000d4   Data         160  calibration.o(.bss.active_points)
    [Anonymous Symbol]                       0x20000174   Section        0  cmd_cal.o(.bss.cal_state)
    cal_state                                0x20000174   Data           1  cmd_cal.o(.bss.cal_state)
    [Anonymous Symbol]                       0x20000175   Section        0  cmd_direction.o(.bss.g_dir_ccw)
    g_dir_ccw                                0x20000175   Data           1  cmd_direction.o(.bss.g_dir_ccw)
    [Anonymous Symbol]                       0x20000178   Section        0  cmd_cal.o(.bss.pending_cmd)
    pending_cmd                              0x20000178   Data           4  cmd_cal.o(.bss.pending_cmd)
    [Anonymous Symbol]                       0x2000017c   Section        0  cmd_ramp.o(.bss.ramp.0)
    ramp.0                                   0x2000017c   Data           1  cmd_ramp.o(.bss.ramp.0)
    [Anonymous Symbol]                       0x20000180   Section        0  calibration.o(.bss.temp_points)
    temp_points                              0x20000180   Data         160  calibration.o(.bss.temp_points)
    [Anonymous Symbol]                       0x20000220   Section        0  cmd_timer.o(.bss.timer.0)
    timer.0                                  0x20000220   Data           1  cmd_timer.o(.bss.timer.0)
    STACK                                    0x20000228   Section      512  startup_hc32f005.o(STACK)

    Global Symbols

    Symbol Name                              Value     Ov Type        Size  Object(Section)

    BuildAttributes$$THM_ISAv3M$S$PE$A:L22$X:L11$S22$IEEE1$IW$~IW$USESV6$~STKCKD$USESV7$WCHAR32$ENUMINT$~SHL$OTIME$ROPI$IEEEJ$EBA8$MICROLIB$REQ8$PRES8$EABIv2 0x00000000   Number         0  anon$$obj.o ABSOLUTE
    __Vectors                                0x00000000   Data           0  startup_hc32f005.o(RESET)
    _printf_a                                0x00000000   Number         0  stubs.o ABSOLUTE
    _printf_c                                0x00000000   Number         0  stubs.o ABSOLUTE
    _printf_charcount                        0x00000000   Number         0  stubs.o ABSOLUTE
    _printf_d                                0x00000000   Number         0  stubs.o ABSOLUTE
    _printf_e                                0x00000000   Number         0  stubs.o ABSOLUTE
    _printf_f                                0x00000000   Number         0  stubs.o ABSOLUTE
    _printf_flags                            0x00000000   Number         0  stubs.o ABSOLUTE
    _printf_fp_dec                           0x00000000   Number         0  stubs.o ABSOLUTE
    _printf_fp_hex                           0x00000000   Number         0  stubs.o ABSOLUTE
    _printf_g                                0x00000000   Number         0  stubs.o ABSOLUTE
    _printf_i                                0x00000000   Number         0  stubs.o ABSOLUTE
    _printf_int_dec                          0x00000000   Number         0  stubs.o ABSOLUTE
    _printf_l                                0x00000000   Number         0  stubs.o ABSOLUTE
    _printf_lc                               0x00000000   Number         0  stubs.o ABSOLUTE
    _printf_ll                               0x00000000   Number         0  stubs.o ABSOLUTE
    _printf_lld                              0x00000000   Number         0  stubs.o ABSOLUTE
    _printf_lli                              0x00000000   Number         0  stubs.o ABSOLUTE
    _printf_llo                              0x00000000   Number         0  stubs.o ABSOLUTE
    _printf_llu                              0x00000000   Number         0  stubs.o ABSOLUTE
    _printf_llx                              0x00000000   Number         0  stubs.o ABSOLUTE
    _printf_longlong_dec                     0x00000000   Number         0  stubs.o ABSOLUTE
    _printf_longlong_hex                     0x00000000   Number         0  stubs.o ABSOLUTE
    _printf_longlong_oct                     0x00000000   Number         0  stubs.o ABSOLUTE
    _printf_ls                               0x00000000   Number         0  stubs.o ABSOLUTE
    _printf_mbtowc                           0x00000000   Number         0  stubs.o ABSOLUTE
    _printf_n                                0x00000000   Number         0  stubs.o ABSOLUTE
    _printf_o                                0x00000000   Number         0  stubs.o ABSOLUTE
    _printf_p                                0x00000000   Number         0  stubs.o ABSOLUTE
    _printf_percent                          0x00000000   Number         0  stubs.o ABSOLUTE
    _printf_pre_padding                      0x00000000   Number         0  stubs.o ABSOLUTE
    _printf_return_value                     0x00000000   Number         0  stubs.o ABSOLUTE
    _printf_s                                0x00000000   Number         0  stubs.o ABSOLUTE
    _printf_sizespec                         0x00000000   Number         0  stubs.o ABSOLUTE
    _printf_str                              0x00000000   Number         0  stubs.o ABSOLUTE
    _printf_truncate_signed                  0x00000000   Number         0  stubs.o ABSOLUTE
    _printf_truncate_unsigned                0x00000000   Number         0  stubs.o ABSOLUTE
    _printf_u                                0x00000000   Number         0  stubs.o ABSOLUTE
    _printf_wc                               0x00000000   Number         0  stubs.o ABSOLUTE
    _printf_wctomb                           0x00000000   Number         0  stubs.o ABSOLUTE
    _printf_widthprec                        0x00000000   Number         0  stubs.o ABSOLUTE
    _printf_x                                0x00000000   Number         0  stubs.o ABSOLUTE
    Adc_IRQHandler                            - Undefined Weak Reference
    ClkTrim_IRQHandler                        - Undefined Weak Reference
    Dmac_IRQHandler                           - Undefined Weak Reference
    Flash_IRQHandler                          - Undefined Weak Reference
    I2c_IRQHandler                            - Undefined Weak Reference
    Lvd_IRQHandler                            - Undefined Weak Reference
    Pca_IRQHandler                            - Undefined Weak Reference
    Pcnt_IRQHandler                           - Undefined Weak Reference
    Port0_IRQHandler                          - Undefined Weak Reference
    Port1_IRQHandler                          - Undefined Weak Reference
    Port2_IRQHandler                          - Undefined Weak Reference
    Port3_IRQHandler                          - Undefined Weak Reference
    Ram_IRQHandler                            - Undefined Weak Reference
    Spi_IRQHandler                            - Undefined Weak Reference
    SysTick_IRQHandler                        - Undefined Weak Reference
    Tim0_IRQHandler                           - Undefined Weak Reference
    Tim3_IRQHandler                           - Undefined Weak Reference
    Tim4_IRQHandler                           - Undefined Weak Reference
    Tim5_IRQHandler                           - Undefined Weak Reference
    Tim6_IRQHandler                           - Undefined Weak Reference
    Uart0_IRQHandler                          - Undefined Weak Reference
    Uart1_IRQHandler                          - Undefined Weak Reference
    Vc0_IRQHandler                            - Undefined Weak Reference
    Vc1_IRQHandler                            - Undefined Weak Reference
    Wdt_IRQHandler                            - Undefined Weak Reference
    __cpp_initialize__aeabi_                  - Undefined Weak Reference
    __cxa_finalize                            - Undefined Weak Reference
    __decompress                              - Undefined Weak Reference
    _clock_init                               - Undefined Weak Reference
    _microlib_exit                            - Undefined Weak Reference
    __Vectors_End                            0x000000c0   Data           0  startup_hc32f005.o(RESET)
    __Vectors_Size                           0x000000c0   Number         0  startup_hc32f005.o ABSOLUTE
    __main                                   0x000000c1   Thumb Code     0  entry.o(.ARM.Collect$$$$00000000)
    _main_stk                                0x000000c1   Thumb Code     0  entry2.o(.ARM.Collect$$$$00000001)
    _main_scatterload                        0x000000c5   Thumb Code     0  entry5.o(.ARM.Collect$$$$00000004)
    __main_after_scatterload                 0x000000c9   Thumb Code     0  entry5.o(.ARM.Collect$$$$00000004)
    _main_clock                              0x000000c9   Thumb Code     0  entry7b.o(.ARM.Collect$$$$00000008)
    _main_cpp_init                           0x000000c9   Thumb Code     0  entry8b.o(.ARM.Collect$$$$0000000A)
    _main_init                               0x000000c9   Thumb Code     0  entry9a.o(.ARM.Collect$$$$0000000B)
    __rt_final_cpp                           0x000000d1   Thumb Code     0  entry10a.o(.ARM.Collect$$$$0000000D)
    __rt_final_exit                          0x000000d1   Thumb Code     0  entry11a.o(.ARM.Collect$$$$0000000F)
    Reset_Handler                            0x000000d5   Thumb Code    26  startup_hc32f005.o(.text)
    NMI_Handler                              0x000000ef   Thumb Code     2  startup_hc32f005.o(.text)
    SVC_Handler                              0x000000f3   Thumb Code     2  startup_hc32f005.o(.text)
    PendSV_Handler                           0x000000f5   Thumb Code     2  startup_hc32f005.o(.text)
    Dummy_Handler                            0x000000f9   Thumb Code     0  startup_hc32f005.o(.text)
    LPTIM_IRQHandler                         0x000000f9   Thumb Code     0  startup_hc32f005.o(.text)
    LPUART_IRQHandler                        0x000000f9   Thumb Code     0  startup_hc32f005.o(.text)
    RTC_IRQHandler                           0x000000f9   Thumb Code     0  startup_hc32f005.o(.text)
    __aeabi_uidiv                            0x00000111   Thumb Code     0  uidiv.o(.text)
    __aeabi_uidivmod                         0x00000111   Thumb Code    44  uidiv.o(.text)
    __rt_ctype_table                         0x0000013d   Thumb Code     4  ctype_o.o(.text)
    isspace                                  0x00000145   Thumb Code    18  isspace_o.o(.text)
    tolower                                  0x00000157   Thumb Code    12  tolower.o(.text)
    __aeabi_memset                           0x00000163   Thumb Code    14  memseta.o(.text)
    __aeabi_memset4                          0x00000163   Thumb Code     0  memseta.o(.text)
    __aeabi_memset8                          0x00000163   Thumb Code     0  memseta.o(.text)
    __aeabi_memclr                           0x00000171   Thumb Code     4  memseta.o(.text)
    __aeabi_memclr4                          0x00000171   Thumb Code     0  memseta.o(.text)
    __aeabi_memclr8                          0x00000171   Thumb Code     0  memseta.o(.text)
    _memset$wrapper                          0x00000175   Thumb Code    18  memseta.o(.text)
    strncpy                                  0x00000187   Thumb Code    26  strncpy.o(.text)
    strchr                                   0x000001a1   Thumb Code    20  strchr.o(.text)
    strlen                                   0x000001b5   Thumb Code    14  strlen.o(.text)
    strcpy                                   0x000001c3   Thumb Code    18  strcpy.o(.text)
    strncmp                                  0x000001d5   Thumb Code    30  strncmp.o(.text)
    strpbrk                                  0x000001f3   Thumb Code    32  strpbrk.o(.text)
    __aeabi_fadd                             0x00000213   Thumb Code   162  fadd.o(.text)
    __aeabi_fsub                             0x000002b5   Thumb Code     8  fadd.o(.text)
    __aeabi_frsub                            0x000002bd   Thumb Code     8  fadd.o(.text)
    __aeabi_fmul                             0x000002c5   Thumb Code   122  fmul.o(.text)
    __aeabi_fdiv                             0x0000033f   Thumb Code   124  fdiv.o(.text)
    __aeabi_fcmple                           0x000003bb   Thumb Code    28  fcmple.o(.text)
    __aeabi_fcmplt                           0x000003d7   Thumb Code    28  fcmplt.o(.text)
    __aeabi_fcmpge                           0x000003f3   Thumb Code    28  fcmpge.o(.text)
    __aeabi_fcmpgt                           0x0000040f   Thumb Code    28  fcmpgt.o(.text)
    __aeabi_ui2f                             0x0000042b   Thumb Code    14  ffltui.o(.text)
    __aeabi_f2uiz                            0x00000439   Thumb Code    40  ffixui.o(.text)
    __aeabi_f2d                              0x00000461   Thumb Code    40  f2d.o(.text)
    __aeabi_d2f                              0x00000489   Thumb Code    56  d2f.o(.text)
    __aeabi_uldivmod                         0x000004c1   Thumb Code    96  uldiv.o(.text)
    __strtod_int                             0x00000557   Thumb Code    92  strtod.o(.text)
    __strtof_int                             0x000005c5   Thumb Code    26  strtof.o(.text)
    __I$use$fp                               0x000005df   Thumb Code     0  iusefp.o(.text)
    _float_round                             0x000005df   Thumb Code    16  fepilogue.o(.text)
    _float_epilogue                          0x000005ef   Thumb Code   114  fepilogue.o(.text)
    __aeabi_dadd                             0x00000661   Thumb Code   328  dadd.o(.text)
    __aeabi_dsub                             0x000007a9   Thumb Code    12  dadd.o(.text)
    __aeabi_drsub                            0x000007b5   Thumb Code    12  dadd.o(.text)
    __aeabi_dmul                             0x000007c5   Thumb Code   202  dmul.o(.text)
    __aeabi_ddiv                             0x00000895   Thumb Code   234  ddiv.o(.text)
    __aeabi_d2ulz                            0x00000985   Thumb Code    54  dfixul.o(.text)
    __aeabi_cdrcmple                         0x000009c5   Thumb Code    38  cdrcmple.o(.text)
    __scatterload                            0x000009ed   Thumb Code    28  init.o(.text)
    __scatterload_rt2                        0x000009ed   Thumb Code     0  init.o(.text)
    __aeabi_llsl                             0x00000a11   Thumb Code    32  llshl.o(.text)
    _ll_shift_l                              0x00000a11   Thumb Code     0  llshl.o(.text)
    __aeabi_llsr                             0x00000a31   Thumb Code    34  llushr.o(.text)
    _ll_ushift_r                             0x00000a31   Thumb Code     0  llushr.o(.text)
    __aeabi_lasr                             0x00000a53   Thumb Code    38  llsshr.o(.text)
    _ll_sshift_r                             0x00000a53   Thumb Code     0  llsshr.o(.text)
    _scanf_real                              0x00000b97   Thumb Code     0  scanf_fp.o(.text)
    _scanf_really_real                       0x00000b97   Thumb Code   586  scanf_fp.o(.text)
    _sgetc                                   0x00000ded   Thumb Code    32  _sgetc.o(.text)
    _sbackspace                              0x00000e0d   Thumb Code    36  _sgetc.o(.text)
    _double_round                            0x00000e31   Thumb Code    26  depilogue.o(.text)
    _double_epilogue                         0x00000e4b   Thumb Code   164  depilogue.o(.text)
    __aeabi_lmul                             0x00000eef   Thumb Code   122  llmul.o(.text)
    _ll_mul                                  0x00000eef   Thumb Code     0  llmul.o(.text)
    __aeabi_ul2d                             0x00000f69   Thumb Code    22  dfltul.o(.text)
    __aeabi_cdcmpeq                          0x00000f85   Thumb Code     0  cdcmple.o(.text)
    __aeabi_cdcmple                          0x00000f85   Thumb Code    38  cdcmple.o(.text)
    __fp_status                              0x00000fad   Thumb Code     4  fpstat.o(.text)
    __ieee_status                            0x00000fad   Thumb Code     0  fpstat.o(.text)
    __ARM_scalbn                             0x00000fb1   Thumb Code    44  dscalb.o(.text)
    scalbn                                   0x00000fb1   Thumb Code     0  dscalb.o(.text)
    ADC_IRQHandler                           0x00000fdd   Thumb Code     8  interrupts_hc32f005.o(.text.ADC_IRQHandler)
    Adc_ConfigNormMode                       0x00000fe5   Thumb Code    80  adc.o(.text.Adc_ConfigNormMode)
    Adc_Enable                               0x0000102d   Thumb Code    16  adc.o(.text.Adc_Enable)
    Adc_GetResult                            0x00001039   Thumb Code    32  adc.o(.text.Adc_GetResult)
    Adc_Init                                 0x00001055   Thumb Code   240  adc.o(.text.Adc_Init)
    Adc_PollBusyState                        0x00001141   Thumb Code    16  adc.o(.text.Adc_PollBusyState)
    Adc_Start                                0x0000114d   Thumb Code    36  adc.o(.text.Adc_Start)
    Basic_Parse                              0x000011b5   Thumb Code   180  cmd_basic.o(.text.Basic_Parse)
    Buzzer_Init                              0x00001269   Thumb Code    28  cmd_buzzer.o(.text.Buzzer_Init)
    Buzzer_Parse                             0x00001281   Thumb Code   300  cmd_buzzer.o(.text.Buzzer_Parse)
    Buzzer_Update                            0x000013ad   Thumb Code    60  cmd_buzzer.o(.text.Buzzer_Update)
    CLKTRIM_IRQHandler                       0x000013e9   Thumb Code     8  interrupts_hc32f005.o(.text.CLKTRIM_IRQHandler)
    Cal_End                                  0x000013f1   Thumb Code    44  cmd_cal.o(.text.Cal_End)
    Cal_Process                              0x0000141d   Thumb Code   148  cmd_cal.o(.text.Cal_Process)
    Cal_Start                                0x000014b1   Thumb Code    64  cmd_cal.o(.text.Cal_Start)
    Calibration_AddPoint                     0x000014f1   Thumb Code    40  calibration.o(.text.Calibration_AddPoint)
    Calibration_End                          0x00001511   Thumb Code   136  calibration.o(.text.Calibration_End)
    Calibration_GetCorrectedValue            0x00001591   Thumb Code   260  calibration.o(.text.Calibration_GetCorrectedValue)
    Calibration_Init                         0x0000168d   Thumb Code   128  calibration.o(.text.Calibration_Init)
    Calibration_Start                        0x0000170d   Thumb Code    20  calibration.o(.text.Calibration_Start)
    DMAC_IRQHandler                          0x00001721   Thumb Code     8  interrupts_hc32f005.o(.text.DMAC_IRQHandler)
    Direction_Init                           0x00001729   Thumb Code    20  cmd_direction.o(.text.Direction_Init)
    Direction_Parse                          0x00001739   Thumb Code   244  cmd_direction.o(.text.Direction_Parse)
    EnableNvic                               0x0000182d   Thumb Code   140  interrupts_hc32f005.o(.text.EnableNvic)
    FLASH_RAM_IRQHandler                     0x000018b9   Thumb Code    12  interrupts_hc32f005.o(.text.FLASH_RAM_IRQHandler)
    GetBit                                   0x000018c5   Thumb Code    20  ddl.o(.text.GetBit)
    Gpio_GetInputIO                          0x0000190d   Thumb Code    16  gpio.o(.text.Gpio_GetInputIO)
    Gpio_Init                                0x0000191d   Thumb Code   108  gpio.o(.text.Gpio_Init)
    Gpio_ReadOutputIO                        0x00001985   Thumb Code    16  gpio.o(.text.Gpio_ReadOutputIO)
    Gpio_SetAfMode                           0x00001991   Thumb Code    16  gpio.o(.text.Gpio_SetAfMode)
    Gpio_SetAnalogMode                       0x000019a1   Thumb Code    20  gpio.o(.text.Gpio_SetAnalogMode)
    Gpio_WriteOutputIO                       0x000019b5   Thumb Code    20  gpio.o(.text.Gpio_WriteOutputIO)
    HardFault_Handler                        0x000019c9   Thumb Code    16  interrupts_hc32f005.o(.text.HardFault_Handler)
    Help_Parse                               0x000019d9   Thumb Code   448  cmd_help.o(.text.Help_Parse)
    I2C_IRQHandler                           0x00001b99   Thumb Code     8  interrupts_hc32f005.o(.text.I2C_IRQHandler)
    Instruction_GetSpeed                     0x00001ba1   Thumb Code    12  instruction_manager.o(.text.Instruction_GetSpeed)
    Instruction_Init                         0x00001ba9   Thumb Code   568  instruction_manager.o(.text.Instruction_Init)
    Instruction_Loop                         0x00001ddd   Thumb Code    52  instruction_manager.o(.text.Instruction_Loop)
    Instruction_Parse                        0x00001e0d   Thumb Code   276  instruction_manager.o(.text.Instruction_Parse)
    Instruction_SetMode                      0x00001f1d   Thumb Code    12  instruction_manager.o(.text.Instruction_SetMode)
    Instruction_SetSpeed                     0x00001f25   Thumb Code    12  instruction_manager.o(.text.Instruction_SetSpeed)
    LVD_IRQHandler                           0x00001f31   Thumb Code     8  interrupts_hc32f005.o(.text.LVD_IRQHandler)
    Miku_Adc_ReadRaw                         0x00001f39   Thumb Code    60  instruction_manager.o(.text.Miku_Adc_ReadRaw)
    Miku_Adc_ReadVoltage                     0x00001f75   Thumb Code    32  instruction_manager.o(.text.Miku_Adc_ReadVoltage)
    Miku_Buzzer_SetEnable                    0x00001f95   Thumb Code   116  instruction_manager.o(.text.Miku_Buzzer_SetEnable)
    Miku_Buzzer_SetVolume                    0x00002001   Thumb Code    40  instruction_manager.o(.text.Miku_Buzzer_SetVolume)
    Miku_DelayMs                             0x00002025   Thumb Code     8  instruction_manager.o(.text.Miku_DelayMs)
    Miku_GetTick                             0x0000202d   Thumb Code    12  instruction_manager.o(.text.Miku_GetTick)
    Miku_Motor_SetDirectionCcw               0x0000206f   Thumb Code    20  instruction_manager.o(.text.Miku_Motor_SetDirectionCcw)
    Miku_Motor_SetSpeedPercent               0x00002085   Thumb Code   164  instruction_manager.o(.text.Miku_Motor_SetSpeedPercent)
    Miku_Motor_SetStop                       0x00002125   Thumb Code    20  instruction_manager.o(.text.Miku_Motor_SetStop)
    PCA_IRQHandler                           0x000021f9   Thumb Code     8  interrupts_hc32f005.o(.text.PCA_IRQHandler)
    PCNT_IRQHandler                          0x00002201   Thumb Code     8  interrupts_hc32f005.o(.text.PCNT_IRQHandler)
    PORT0_IRQHandler                         0x00002209   Thumb Code     8  interrupts_hc32f005.o(.text.PORT0_IRQHandler)
    PORT1_IRQHandler                         0x00002211   Thumb Code     8  interrupts_hc32f005.o(.text.PORT1_IRQHandler)
    PORT2_IRQHandler                         0x00002219   Thumb Code     8  interrupts_hc32f005.o(.text.PORT2_IRQHandler)
    PORT3_IRQHandler                         0x00002221   Thumb Code     8  interrupts_hc32f005.o(.text.PORT3_IRQHandler)
    Ramp_Parse                               0x00002249   Thumb Code   412  cmd_ramp.o(.text.Ramp_Parse)
    Ramp_Stop                                0x000023e5   Thumb Code    12  cmd_ramp.o(.text.Ramp_Stop)
    Ramp_Update                              0x000023ed   Thumb Code   120  cmd_ramp.o(.text.Ramp_Update)
    SPI_IRQHandler                           0x00002465   Thumb Code     8  interrupts_hc32f005.o(.text.SPI_IRQHandler)
    SelfTest_Parse                           0x0000246d   Thumb Code    56  cmd_self_test.o(.text.SelfTest_Parse)
    SelfTest_Run                             0x000024a5   Thumb Code   444  cmd_self_test.o(.text.SelfTest_Run)
    SetBit                                   0x00002661   Thumb Code    22  ddl.o(.text.SetBit)
    Start_Init                               0x000026ad   Thumb Code    10  cmd_start.o(.text.Start_Init)
    Start_Parse                              0x000026b9   Thumb Code   128  cmd_start.o(.text.Start_Parse)
    SysTick_Handler                          0x00002739   Thumb Code     8  interrupts_hc32f005.o(.text.SysTick_Handler)
    Sysctrl_GetHClkFreq                      0x00002741   Thumb Code   164  sysctrl.o(.text.Sysctrl_GetHClkFreq)
    Sysctrl_GetPClkFreq                      0x000027e1   Thumb Code    24  sysctrl.o(.text.Sysctrl_GetPClkFreq)
    Sysctrl_SetPeripheralGate                0x000027f9   Thumb Code    20  sysctrl.o(.text.Sysctrl_SetPeripheralGate)
    SystemInit                               0x0000280d   Thumb Code    16  system_hc32f005.o(.text.SystemInit)
    TIM0_IRQHandler                          0x0000281d   Thumb Code     8  interrupts_hc32f005.o(.text.TIM0_IRQHandler)
    TIM1_IRQHandler                          0x00002825   Thumb Code     8  interrupts_hc32f005.o(.text.TIM1_IRQHandler)
    TIM2_IRQHandler                          0x0000282d   Thumb Code     8  interrupts_hc32f005.o(.text.TIM2_IRQHandler)
    TIM3_IRQHandler                          0x00002835   Thumb Code     8  interrupts_hc32f005.o(.text.TIM3_IRQHandler)
    TIM4_IRQHandler                          0x0000283d   Thumb Code     8  interrupts_hc32f005.o(.text.TIM4_IRQHandler)
    TIM5_IRQHandler                          0x00002845   Thumb Code     8  interrupts_hc32f005.o(.text.TIM5_IRQHandler)
    TIM6_IRQHandler                          0x0000284d   Thumb Code     8  interrupts_hc32f005.o(.text.TIM6_IRQHandler)
    Tim1_IRQHandler                          0x00002855   Thumb Code    36  instruction_manager.o(.text.Tim1_IRQHandler)
    Tim2_IRQHandler                          0x00002875   Thumb Code   204  instruction_manager.o(.text.Tim2_IRQHandler)
    Timer_Parse                              0x00002941   Thumb Code   212  cmd_timer.o(.text.Timer_Parse)
    Timer_Stop                               0x00002a15   Thumb Code    12  cmd_timer.o(.text.Timer_Stop)
    Timer_Update                             0x00002a1d   Thumb Code    80  cmd_timer.o(.text.Timer_Update)
    UART0_IRQHandler                         0x00002a6d   Thumb Code     8  interrupts_hc32f005.o(.text.UART0_IRQHandler)
    UART1_IRQHandler                         0x00002a75   Thumb Code     8  interrupts_hc32f005.o(.text.UART1_IRQHandler)
    Uart_ClrStatus                           0x00002aad   Thumb Code    16  uart.o(.text.Uart_ClrStatus)
    Uart_EnableFunc                          0x00002abd   Thumb Code    14  uart.o(.text.Uart_EnableFunc)
    Uart_GetStatus                           0x00002acb   Thumb Code    10  uart.o(.text.Uart_GetStatus)
    Uart_Init                                0x00002ad5   Thumb Code    36  uart.o(.text.Uart_Init)
    Uart_Init_Config                         0x00002af9   Thumb Code   256  main.o(.text.Uart_Init_Config)
    Uart_SetBaudRate                         0x00002bf9   Thumb Code    60  uart.o(.text.Uart_SetBaudRate)
    VC0_IRQHandler                           0x00002c35   Thumb Code     8  interrupts_hc32f005.o(.text.VC0_IRQHandler)
    VC1_IRQHandler                           0x00002c3d   Thumb Code     8  interrupts_hc32f005.o(.text.VC1_IRQHandler)
    WDT_IRQHandler                           0x00002d6d   Thumb Code     8  interrupts_hc32f005.o(.text.WDT_IRQHandler)
    custom_stricmp                           0x00002d75   Thumb Code    62  instruction_manager.o(.text.custom_stricmp)
    ddl_memclr                               0x00002db3   Thumb Code    20  ddl.o(.text.ddl_memclr)
    delay10us                                0x00002dc9   Thumb Code    76  ddl.o(.text.delay10us)
    delay1ms                                 0x00002e09   Thumb Code    72  ddl.o(.text.delay1ms)
    fputc                                    0x00002e4d   Thumb Code    14  main.o(.text.fputc)
    main                                     0x00002e5d   Thumb Code   368  main.o(.text.main)
    __0printf                                0x00002fcd   Thumb Code    24  printfa.o(i.__0printf)
    __1printf                                0x00002fcd   Thumb Code     0  printfa.o(i.__0printf)
    __2printf                                0x00002fcd   Thumb Code     0  printfa.o(i.__0printf)
    __c89printf                              0x00002fcd   Thumb Code     0  printfa.o(i.__0printf)
    printf                                   0x00002fcd   Thumb Code     0  printfa.o(i.__0printf)
    __ARM_clz                                0x00002fed   Thumb Code    46  depilogue.o(i.__ARM_clz)
    __mathlib_narrow                         0x0000301b   Thumb Code    16  narrow.o(i.__mathlib_narrow)
    __mathlib_tofloat                        0x0000302d   Thumb Code   190  narrow.o(i.__mathlib_tofloat)
    __read_errno                             0x000030f5   Thumb Code     6  errno.o(i.__read_errno)
    __scatterload_copy                       0x00003101   Thumb Code    14  handlers.o(i.__scatterload_copy)
    __scatterload_null                       0x0000310f   Thumb Code     2  handlers.o(i.__scatterload_null)
    __scatterload_zeroinit                   0x00003111   Thumb Code    14  handlers.o(i.__scatterload_zeroinit)
    __set_errno                              0x00003121   Thumb Code     6  errno.o(i.__set_errno)
    _is_digit                                0x000032a1   Thumb Code    14  scanf_fp.o(i._is_digit)
    atof                                     0x000039e9   Thumb Code    42  atof.o(i.atof)
    frexp                                    0x00003a15   Thumb Code    72  frexp.o(i.frexp)
    puts                                     0x00003a6d   Thumb Code    28  puts.o(i.puts)
    strtof                                   0x00003a8d   Thumb Code    20  strtof.o(i.strtof)
    __ctype_table                            0x00003aa0   Data         129  ctype_o.o(.constdata)
    Region$$Table$$Base                      0x000040f4   Number         0  anon$$obj.o(Region$$Table)
    Region$$Table$$Limit                     0x00004114   Number         0  anon$$obj.o(Region$$Table)
    __stdout                                 0x20000000   Data           4  stdout.o(.data)
    SystemCoreClock                          0x20000008   Data           4  system_hc32f005.o(.data.SystemCoreClock)
    __initial_sp                             0x20000428   Data           0  startup_hc32f005.o(STACK)



==============================================================================

Memory Map of the image

  Image Entry point : 0x000000c1

  Load Region LR_IROM1 (Base: 0x00000000, Size: 0x00004140, Max: 0x00008000, ABSOLUTE)

    Execution Region ER_IROM1 (Exec base: 0x00000000, Load base: 0x00000000, Size: 0x00004114, Max: 0x00008000, ABSOLUTE)

    Exec Addr    Load Addr    Size         Type   Attr      Idx    E Section Name        Object

    0x00000000   0x00000000   0x000000c0   Data   RO            3    RESET               startup_hc32f005.o
    0x000000c0   0x000000c0   0x00000000   Code   RO          416  * .ARM.Collect$$$$00000000  mc_p.l(entry.o)
    0x000000c0   0x000000c0   0x00000004   Code   RO          587    .ARM.Collect$$$$00000001  mc_p.l(entry2.o)
    0x000000c4   0x000000c4   0x00000004   Code   RO          590    .ARM.Collect$$$$00000004  mc_p.l(entry5.o)
    0x000000c8   0x000000c8   0x00000000   Code   RO          592    .ARM.Collect$$$$00000008  mc_p.l(entry7b.o)
    0x000000c8   0x000000c8   0x00000000   Code   RO          594    .ARM.Collect$$$$0000000A  mc_p.l(entry8b.o)
    0x000000c8   0x000000c8   0x00000008   Code   RO          595    .ARM.Collect$$$$0000000B  mc_p.l(entry9a.o)
    0x000000d0   0x000000d0   0x00000000   Code   RO          597    .ARM.Collect$$$$0000000D  mc_p.l(entry10a.o)
    0x000000d0   0x000000d0   0x00000000   Code   RO          599    .ARM.Collect$$$$0000000F  mc_p.l(entry11a.o)
    0x000000d0   0x000000d0   0x00000004   Code   RO          588    .ARM.Collect$$$$00002712  mc_p.l(entry2.o)
    0x000000d4   0x000000d4   0x0000003c   Code   RO            4    .text               startup_hc32f005.o
    0x00000110   0x00000110   0x0000002c   Code   RO          421    .text               mc_p.l(uidiv.o)
    0x0000013c   0x0000013c   0x00000008   Code   RO          422    .text               mc_p.l(ctype_o.o)
    0x00000144   0x00000144   0x00000012   Code   RO          434    .text               mc_p.l(isspace_o.o)
    0x00000156   0x00000156   0x0000000c   Code   RO          437    .text               mc_p.l(tolower.o)
    0x00000162   0x00000162   0x00000024   Code   RO          438    .text               mc_p.l(memseta.o)
    0x00000186   0x00000186   0x0000001a   Code   RO          439    .text               mc_p.l(strncpy.o)
    0x000001a0   0x000001a0   0x00000014   Code   RO          440    .text               mc_p.l(strchr.o)
    0x000001b4   0x000001b4   0x0000000e   Code   RO          441    .text               mc_p.l(strlen.o)
    0x000001c2   0x000001c2   0x00000012   Code   RO          442    .text               mc_p.l(strcpy.o)
    0x000001d4   0x000001d4   0x0000001e   Code   RO          443    .text               mc_p.l(strncmp.o)
    0x000001f2   0x000001f2   0x00000020   Code   RO          444    .text               mc_p.l(strpbrk.o)
    0x00000212   0x00000212   0x000000b2   Code   RO          576    .text               mf_p.l(fadd.o)
    0x000002c4   0x000002c4   0x0000007a   Code   RO          577    .text               mf_p.l(fmul.o)
    0x0000033e   0x0000033e   0x0000007c   Code   RO          578    .text               mf_p.l(fdiv.o)
    0x000003ba   0x000003ba   0x0000001c   Code   RO          579    .text               mf_p.l(fcmple.o)
    0x000003d6   0x000003d6   0x0000001c   Code   RO          580    .text               mf_p.l(fcmplt.o)
    0x000003f2   0x000003f2   0x0000001c   Code   RO          581    .text               mf_p.l(fcmpge.o)
    0x0000040e   0x0000040e   0x0000001c   Code   RO          582    .text               mf_p.l(fcmpgt.o)
    0x0000042a   0x0000042a   0x0000000e   Code   RO          583    .text               mf_p.l(ffltui.o)
    0x00000438   0x00000438   0x00000028   Code   RO          584    .text               mf_p.l(ffixui.o)
    0x00000460   0x00000460   0x00000028   Code   RO          585    .text               mf_p.l(f2d.o)
    0x00000488   0x00000488   0x00000038   Code   RO          586    .text               mf_p.l(d2f.o)
    0x000004c0   0x000004c0   0x00000060   Code   RO          602    .text               mc_p.l(uldiv.o)
    0x00000520   0x00000520   0x000000a4   Code   RO          607    .text               mc_p.l(strtod.o)
    0x000005c4   0x000005c4   0x0000001a   Code   RO          608    .text               mc_p.l(strtof.o)
    0x000005de   0x000005de   0x00000000   Code   RO          609    .text               mc_p.l(iusefp.o)
    0x000005de   0x000005de   0x00000082   Code   RO          610    .text               mf_p.l(fepilogue.o)
    0x00000660   0x00000660   0x00000164   Code   RO          611    .text               mf_p.l(dadd.o)
    0x000007c4   0x000007c4   0x000000d0   Code   RO          612    .text               mf_p.l(dmul.o)
    0x00000894   0x00000894   0x000000f0   Code   RO          613    .text               mf_p.l(ddiv.o)
    0x00000984   0x00000984   0x00000040   Code   RO          614    .text               mf_p.l(dfixul.o)
    0x000009c4   0x000009c4   0x00000028   Code   RO          615    .text               mf_p.l(cdrcmple.o)
    0x000009ec   0x000009ec   0x00000024   Code   RO          619    .text               mc_p.l(init.o)
    0x00000a10   0x00000a10   0x00000020   Code   RO          620    .text               mc_p.l(llshl.o)
    0x00000a30   0x00000a30   0x00000022   Code   RO          621    .text               mc_p.l(llushr.o)
    0x00000a52   0x00000a52   0x00000026   Code   RO          622    .text               mc_p.l(llsshr.o)
    0x00000a78   0x00000a78   0x00000374   Code   RO          624    .text               mc_p.l(scanf_fp.o)
    0x00000dec   0x00000dec   0x00000044   Code   RO          627    .text               mc_p.l(_sgetc.o)
    0x00000e30   0x00000e30   0x000000be   Code   RO          628    .text               mf_p.l(depilogue.o)
    0x00000eee   0x00000eee   0x0000007a   Code   RO          632    .text               mc_p.l(llmul.o)
    0x00000f68   0x00000f68   0x0000001c   Code   RO          635    .text               mf_p.l(dfltul.o)
    0x00000f84   0x00000f84   0x00000028   Code   RO          636    .text               mf_p.l(cdcmple.o)
    0x00000fac   0x00000fac   0x00000004   Code   RO          637    .text               mf_p.l(fpstat.o)
    0x00000fb0   0x00000fb0   0x0000002c   Code   RO          638    .text               mf_p.l(dscalb.o)
    0x00000fdc   0x00000fdc   0x00000008   Code   RO           48    .text.ADC_IRQHandler  interrupts_hc32f005.o
    0x00000fe4   0x00000fe4   0x00000048   Code   RO          215    .text.Adc_ConfigNormMode  adc.o
    0x0000102c   0x0000102c   0x0000000c   Code   RO          211    .text.Adc_Enable    adc.o
    0x00001038   0x00001038   0x0000001c   Code   RO          223    .text.Adc_GetResult  adc.o
    0x00001054   0x00001054   0x000000ec   Code   RO          203    .text.Adc_Init      adc.o
    0x00001140   0x00001140   0x0000000c   Code   RO          221    .text.Adc_PollBusyState  adc.o
    0x0000114c   0x0000114c   0x00000024   Code   RO          207    .text.Adc_Start     adc.o
    0x00001170   0x00001170   0x00000044   Code   RO          389    .text.Apply_Physical_Output  instruction_manager.o
    0x000011b4   0x000011b4   0x000000b4   Code   RO          287    .text.Basic_Parse   cmd_basic.o
    0x00001268   0x00001268   0x00000018   Code   RO          290    .text.Buzzer_Init   cmd_buzzer.o
    0x00001280   0x00001280   0x0000012c   Code   RO          292    .text.Buzzer_Parse  cmd_buzzer.o
    0x000013ac   0x000013ac   0x0000003c   Code   RO          294    .text.Buzzer_Update  cmd_buzzer.o
    0x000013e8   0x000013e8   0x00000008   Code   RO           60    .text.CLKTRIM_IRQHandler  interrupts_hc32f005.o
    0x000013f0   0x000013f0   0x0000002c   Code   RO          308    .text.Cal_End       cmd_cal.o
    0x0000141c   0x0000141c   0x00000094   Code   RO          306    .text.Cal_Process   cmd_cal.o
    0x000014b0   0x000014b0   0x00000040   Code   RO          304    .text.Cal_Start     cmd_cal.o
    0x000014f0   0x000014f0   0x00000020   Code   RO          279    .text.Calibration_AddPoint  calibration.o
    0x00001510   0x00001510   0x00000080   Code   RO          281    .text.Calibration_End  calibration.o
    0x00001590   0x00001590   0x000000fc   Code   RO          275    .text.Calibration_GetCorrectedValue  calibration.o
    0x0000168c   0x0000168c   0x00000080   Code   RO          273    .text.Calibration_Init  calibration.o
    0x0000170c   0x0000170c   0x00000014   Code   RO          277    .text.Calibration_Start  calibration.o
    0x00001720   0x00001720   0x00000008   Code   RO           20    .text.DMAC_IRQHandler  interrupts_hc32f005.o
    0x00001728   0x00001728   0x00000010   Code   RO          313    .text.Direction_Init  cmd_direction.o
    0x00001738   0x00001738   0x000000f4   Code   RO          315    .text.Direction_Parse  cmd_direction.o
    0x0000182c   0x0000182c   0x0000008c   Code   RO            6    .text.EnableNvic    interrupts_hc32f005.o
    0x000018b8   0x000018b8   0x0000000c   Code   RO           58    .text.FLASH_RAM_IRQHandler  interrupts_hc32f005.o
    0x000018c4   0x000018c4   0x00000014   Code   RO          108    .text.GetBit        ddl.o
    0x000018d8   0x000018d8   0x00000034   Code   RO          339    .text.Get_Average_Voltage  cmd_self_test.o
    0x0000190c   0x0000190c   0x00000010   Code   RO          113    .text.Gpio_GetInputIO  gpio.o
    0x0000191c   0x0000191c   0x00000068   Code   RO          111    .text.Gpio_Init     gpio.o
    0x00001984   0x00001984   0x0000000c   Code   RO          119    .text.Gpio_ReadOutputIO  gpio.o
    0x00001990   0x00001990   0x00000010   Code   RO          123    .text.Gpio_SetAfMode  gpio.o
    0x000019a0   0x000019a0   0x00000014   Code   RO          121    .text.Gpio_SetAnalogMode  gpio.o
    0x000019b4   0x000019b4   0x00000014   Code   RO          117    .text.Gpio_WriteOutputIO  gpio.o
    0x000019c8   0x000019c8   0x00000010   Code   RO            8    .text.HardFault_Handler  interrupts_hc32f005.o
    0x000019d8   0x000019d8   0x000001c0   Code   RO          319    .text.Help_Parse    cmd_help.o
    0x00001b98   0x00001b98   0x00000008   Code   RO           30    .text.I2C_IRQHandler  interrupts_hc32f005.o
    0x00001ba0   0x00001ba0   0x00000008   Code   RO          401    .text.Instruction_GetSpeed  instruction_manager.o
    0x00001ba8   0x00001ba8   0x00000234   Code   RO          385    .text.Instruction_Init  instruction_manager.o
    0x00001ddc   0x00001ddc   0x00000030   Code   RO          397    .text.Instruction_Loop  instruction_manager.o
    0x00001e0c   0x00001e0c   0x00000110   Code   RO          391    .text.Instruction_Parse  instruction_manager.o
    0x00001f1c   0x00001f1c   0x00000008   Code   RO          403    .text.Instruction_SetMode  instruction_manager.o
    0x00001f24   0x00001f24   0x0000000c   Code   RO          399    .text.Instruction_SetSpeed  instruction_manager.o
    0x00001f30   0x00001f30   0x00000008   Code   RO           56    .text.LVD_IRQHandler  interrupts_hc32f005.o
    0x00001f38   0x00001f38   0x0000003c   Code   RO          377    .text.Miku_Adc_ReadRaw  instruction_manager.o
    0x00001f74   0x00001f74   0x00000020   Code   RO          379    .text.Miku_Adc_ReadVoltage  instruction_manager.o
    0x00001f94   0x00001f94   0x0000006c   Code   RO          373    .text.Miku_Buzzer_SetEnable  instruction_manager.o
    0x00002000   0x00002000   0x00000024   Code   RO          375    .text.Miku_Buzzer_SetVolume  instruction_manager.o
    0x00002024   0x00002024   0x00000008   Code   RO          361    .text.Miku_DelayMs  instruction_manager.o
    0x0000202c   0x0000202c   0x0000000c   Code   RO          359    .text.Miku_GetTick  instruction_manager.o
    0x00002038   0x00002038   0x00000036   Code   RO          387    .text.Miku_GpioOutInit  instruction_manager.o
    0x0000206e   0x0000206e   0x00000014   Code   RO          365    .text.Miku_Motor_SetDirectionCcw  instruction_manager.o
    0x00002082   0x00002082   0x00000002   PAD
    0x00002084   0x00002084   0x000000a0   Code   RO          367    .text.Miku_Motor_SetSpeedPercent  instruction_manager.o
    0x00002124   0x00002124   0x00000014   Code   RO          363    .text.Miku_Motor_SetStop  instruction_manager.o
    0x00002138   0x00002138   0x00000028   Code   RO          405    .text.Miku_PwmApplySchedule  instruction_manager.o
    0x00002160   0x00002160   0x00000044   Code   RO          369    .text.Miku_PwmChanSetEnable  instruction_manager.o
    0x000021a4   0x000021a4   0x00000054   Code   RO          371    .text.Miku_PwmRecalcAndApply  instruction_manager.o
    0x000021f8   0x000021f8   0x00000008   Code   RO           44    .text.PCA_IRQHandler  interrupts_hc32f005.o
    0x00002200   0x00002200   0x00000008   Code   RO           50    .text.PCNT_IRQHandler  interrupts_hc32f005.o
    0x00002208   0x00002208   0x00000008   Code   RO           12    .text.PORT0_IRQHandler  interrupts_hc32f005.o
    0x00002210   0x00002210   0x00000008   Code   RO           14    .text.PORT1_IRQHandler  interrupts_hc32f005.o
    0x00002218   0x00002218   0x00000008   Code   RO           16    .text.PORT2_IRQHandler  interrupts_hc32f005.o
    0x00002220   0x00002220   0x00000008   Code   RO           18    .text.PORT3_IRQHandler  interrupts_hc32f005.o
    0x00002228   0x00002228   0x00000020   Code   RO          326    .text.Parse_Ramp_Time  cmd_ramp.o
    0x00002248   0x00002248   0x0000019c   Code   RO          324    .text.Ramp_Parse    cmd_ramp.o
    0x000023e4   0x000023e4   0x00000008   Code   RO          330    .text.Ramp_Stop     cmd_ramp.o
    0x000023ec   0x000023ec   0x00000078   Code   RO          328    .text.Ramp_Update   cmd_ramp.o
    0x00002464   0x00002464   0x00000008   Code   RO           28    .text.SPI_IRQHandler  interrupts_hc32f005.o
    0x0000246c   0x0000246c   0x00000038   Code   RO          335    .text.SelfTest_Parse  cmd_self_test.o
    0x000024a4   0x000024a4   0x000001bc   Code   RO          337    .text.SelfTest_Run  cmd_self_test.o
    0x00002660   0x00002660   0x00000016   Code   RO          106    .text.SetBit        ddl.o
    0x00002676   0x00002676   0x00000002   PAD
    0x00002678   0x00002678   0x00000034   Code   RO           81    .text.SoftUart_DelayCycles  main.o
    0x000026ac   0x000026ac   0x0000000a   Code   RO          345    .text.Start_Init    cmd_start.o
    0x000026b6   0x000026b6   0x00000002   PAD
    0x000026b8   0x000026b8   0x00000080   Code   RO          347    .text.Start_Parse   cmd_start.o
    0x00002738   0x00002738   0x00000008   Code   RO           10    .text.SysTick_Handler  interrupts_hc32f005.o
    0x00002740   0x00002740   0x000000a0   Code   RO          162    .text.Sysctrl_GetHClkFreq  sysctrl.o
    0x000027e0   0x000027e0   0x00000018   Code   RO          164    .text.Sysctrl_GetPClkFreq  sysctrl.o
    0x000027f8   0x000027f8   0x00000014   Code   RO          180    .text.Sysctrl_SetPeripheralGate  sysctrl.o
    0x0000280c   0x0000280c   0x00000010   Code   RO           65    .text.SystemInit    system_hc32f005.o
    0x0000281c   0x0000281c   0x00000008   Code   RO           32    .text.TIM0_IRQHandler  interrupts_hc32f005.o
    0x00002824   0x00002824   0x00000008   Code   RO           34    .text.TIM1_IRQHandler  interrupts_hc32f005.o
    0x0000282c   0x0000282c   0x00000008   Code   RO           36    .text.TIM2_IRQHandler  interrupts_hc32f005.o
    0x00002834   0x00002834   0x00000008   Code   RO           22    .text.TIM3_IRQHandler  interrupts_hc32f005.o
    0x0000283c   0x0000283c   0x00000008   Code   RO           38    .text.TIM4_IRQHandler  interrupts_hc32f005.o
    0x00002844   0x00002844   0x00000008   Code   RO           40    .text.TIM5_IRQHandler  interrupts_hc32f005.o
    0x0000284c   0x0000284c   0x00000008   Code   RO           42    .text.TIM6_IRQHandler  interrupts_hc32f005.o
    0x00002854   0x00002854   0x00000020   Code   RO          381    .text.Tim1_IRQHandler  instruction_manager.o
    0x00002874   0x00002874   0x000000cc   Code   RO          383    .text.Tim2_IRQHandler  instruction_manager.o
    0x00002940   0x00002940   0x000000d4   Code   RO          350    .text.Timer_Parse   cmd_timer.o
    0x00002a14   0x00002a14   0x00000008   Code   RO          354    .text.Timer_Stop    cmd_timer.o
    0x00002a1c   0x00002a1c   0x00000050   Code   RO          352    .text.Timer_Update  cmd_timer.o
    0x00002a6c   0x00002a6c   0x00000008   Code   RO           24    .text.UART0_IRQHandler  interrupts_hc32f005.o
    0x00002a74   0x00002a74   0x00000008   Code   RO           26    .text.UART1_IRQHandler  interrupts_hc32f005.o
    0x00002a7c   0x00002a7c   0x00000030   Code   RO           71    .text.Uart0_SendByteTimeout  main.o
    0x00002aac   0x00002aac   0x00000010   Code   RO          262    .text.Uart_ClrStatus  uart.o
    0x00002abc   0x00002abc   0x0000000e   Code   RO          252    .text.Uart_EnableFunc  uart.o
    0x00002aca   0x00002aca   0x0000000a   Code   RO          258    .text.Uart_GetStatus  uart.o
    0x00002ad4   0x00002ad4   0x00000024   Code   RO          270    .text.Uart_Init     uart.o
    0x00002af8   0x00002af8   0x00000100   Code   RO           73    .text.Uart_Init_Config  main.o
    0x00002bf8   0x00002bf8   0x0000003c   Code   RO          250    .text.Uart_SetBaudRate  uart.o
    0x00002c34   0x00002c34   0x00000008   Code   RO           52    .text.VC0_IRQHandler  interrupts_hc32f005.o
    0x00002c3c   0x00002c3c   0x00000008   Code   RO           54    .text.VC1_IRQHandler  interrupts_hc32f005.o
    0x00002c44   0x00002c44   0x00000128   Code   RO          341    .text.Verify_Step   cmd_self_test.o
    0x00002d6c   0x00002d6c   0x00000008   Code   RO           46    .text.WDT_IRQHandler  interrupts_hc32f005.o
    0x00002d74   0x00002d74   0x0000003e   Code   RO          393    .text.custom_stricmp  instruction_manager.o
    0x00002db2   0x00002db2   0x00000014   Code   RO           88    .text.ddl_memclr    ddl.o
    0x00002dc6   0x00002dc6   0x00000002   PAD
    0x00002dc8   0x00002dc8   0x00000040   Code   RO          104    .text.delay10us     ddl.o
    0x00002e08   0x00002e08   0x00000044   Code   RO          100    .text.delay1ms      ddl.o
    0x00002e4c   0x00002e4c   0x0000000e   Code   RO           69    .text.fputc         main.o
    0x00002e5a   0x00002e5a   0x00000002   PAD
    0x00002e5c   0x00002e5c   0x00000170   Code   RO           79    .text.main          main.o
    0x00002fcc   0x00002fcc   0x00000020   Code   RO          562    i.__0printf         mc_p.l(printfa.o)
    0x00002fec   0x00002fec   0x0000002e   Code   RO          629    i.__ARM_clz         mf_p.l(depilogue.o)
    0x0000301a   0x0000301a   0x00000010   Code   RO          616    i.__mathlib_narrow  m_ps.l(narrow.o)
    0x0000302a   0x0000302a   0x00000002   PAD
    0x0000302c   0x0000302c   0x000000c8   Code   RO          617    i.__mathlib_tofloat  m_ps.l(narrow.o)
    0x000030f4   0x000030f4   0x0000000c   Code   RO          604    i.__read_errno      mc_p.l(errno.o)
    0x00003100   0x00003100   0x0000000e   Code   RO          641    i.__scatterload_copy  mc_p.l(handlers.o)
    0x0000310e   0x0000310e   0x00000002   Code   RO          642    i.__scatterload_null  mc_p.l(handlers.o)
    0x00003110   0x00003110   0x0000000e   Code   RO          643    i.__scatterload_zeroinit  mc_p.l(handlers.o)
    0x0000311e   0x0000311e   0x00000002   PAD
    0x00003120   0x00003120   0x0000000c   Code   RO          605    i.__set_errno       mc_p.l(errno.o)
    0x0000312c   0x0000312c   0x00000174   Code   RO          569    i._fp_digits        mc_p.l(printfa.o)
    0x000032a0   0x000032a0   0x0000000e   Code   RO          626    i._is_digit         mc_p.l(scanf_fp.o)
    0x000032ae   0x000032ae   0x00000002   PAD
    0x000032b0   0x000032b0   0x000006ec   Code   RO          570    i._printf_core      mc_p.l(printfa.o)
    0x0000399c   0x0000399c   0x00000020   Code   RO          571    i._printf_post_padding  mc_p.l(printfa.o)
    0x000039bc   0x000039bc   0x0000002c   Code   RO          572    i._printf_pre_padding  mc_p.l(printfa.o)
    0x000039e8   0x000039e8   0x0000002a   Code   RO          413    i.atof              m_ps.l(atof.o)
    0x00003a12   0x00003a12   0x00000002   PAD
    0x00003a14   0x00003a14   0x00000058   Code   RO          631    i.frexp             m_ps.l(frexp.o)
    0x00003a6c   0x00003a6c   0x00000020   Code   RO          419    i.puts              mc_p.l(puts.o)
    0x00003a8c   0x00003a8c   0x00000014   Code   RO          415    i.strtof            m_ps.l(strtof.o)
    0x00003aa0   0x00003aa0   0x00000081   Data   RO          423    .constdata          mc_p.l(ctype_o.o)
    0x00003b21   0x00003b21   0x00000003   PAD
    0x00003b24   0x00003b24   0x00000004   Data   RO          424    .constdata          mc_p.l(ctype_o.o)
    0x00003b28   0x00003b28   0x00000040   Data   RO          410    .rodata..LInstruction_Parse.shortcuts  instruction_manager.o
    0x00003b68   0x00003b68   0x0000015b   Data   RO          321    .rodata.str1.1      cmd_help.o
    0x00003cc3   0x00003cc3   0x00000045   Data   RO          343    .rodata.str1.1      cmd_self_test.o
    0x00003d08   0x00003d08   0x00000012   Data   RO          409    .rodata.str1.1      instruction_manager.o
    0x00003d1a   0x00003d1a   0x00000006   PAD
    0x00003d20   0x00003d20   0x000003d2   Data   RO          322    .rodata.str1.16     cmd_help.o
    0x000040f2   0x000040f2   0x00000002   PAD
    0x000040f4   0x000040f4   0x00000020   Data   RO          639    Region$$Table       anon$$obj.o


    Execution Region RW_IRAM1 (Exec base: 0x20000000, Load base: 0x00004120, Size: 0x00000428, Max: 0x00001000, ABSOLUTE)

    Exec Addr    Load Addr    Size         Type   Attr      Idx    E Section Name        Object

    0x20000000   0x00004120   0x00000004   Data   RW          601    .data               mc_p.l(stdout.o)
    0x20000004   0x00004124   0x00000004   Data   RW          606    .data               mc_p.l(errno.o)
    0x20000008   0x00004128   0x00000004   Data   RW           67    .data.SystemCoreClock  system_hc32f005.o
    0x2000000c   0x0000412c   0x00000001   Data   RW          407    .data.g_buzzer_volume_percent  instruction_manager.o
    0x2000000d   0x0000412d   0x00000003   PAD
    0x20000010   0x00004130   0x00000004   Data   RW          408    .data.g_pwm_last_delta  instruction_manager.o
    0x20000014   0x00004134   0x0000000c   PAD
    0x20000020        -       0x00000048   Zero   RW           84    .bss..L_MergedGlobals  main.o
    0x20000068        -       0x00000008   Zero   RW          285    .bss..L_MergedGlobals  calibration.o
    0x20000070        -       0x0000000c   Zero   RW          302    .bss..L_MergedGlobals  cmd_buzzer.o
    0x2000007c        -       0x00000010   Zero   RW          333    .bss..L_MergedGlobals  cmd_ramp.o
    0x2000008c        -       0x00000008   Zero   RW          357    .bss..L_MergedGlobals  cmd_timer.o
    0x20000094   0x00004134   0x0000000c   PAD
    0x200000a0        -       0x00000034   Zero   RW          411    .bss..L_MergedGlobals  instruction_manager.o
    0x200000d4        -       0x000000a0   Zero   RW          283    .bss.active_points  calibration.o
    0x20000174        -       0x00000001   Zero   RW          310    .bss.cal_state      cmd_cal.o
    0x20000175        -       0x00000001   Zero   RW          317    .bss.g_dir_ccw      cmd_direction.o
    0x20000176   0x00004134   0x00000002   PAD
    0x20000178        -       0x00000004   Zero   RW          311    .bss.pending_cmd    cmd_cal.o
    0x2000017c        -       0x00000001   Zero   RW          332    .bss.ramp.0         cmd_ramp.o
    0x2000017d   0x00004134   0x00000003   PAD
    0x20000180        -       0x000000a0   Zero   RW          284    .bss.temp_points    calibration.o
    0x20000220        -       0x00000001   Zero   RW          356    .bss.timer.0        cmd_timer.o
    0x20000221   0x00004134   0x00000007   PAD
    0x20000228        -       0x00000200   Zero   RW            1    STACK               startup_hc32f005.o


==============================================================================

Image component sizes


      Code (inc. data)   RO Data    RW Data    ZI Data      Debug   Object Name

       396         60          0          0          0          0   adc.o
       560        100          0          0        328          0   calibration.o
       180         52          0          0          0          0   cmd_basic.o
       384        124          0          0         12          0   cmd_buzzer.o
       256        160          0          0          5          0   cmd_cal.o
       260        120          0          0          1          0   cmd_direction.o
       448        264       1325          0          0          0   cmd_help.o
       572        128          0          0         17          0   cmd_ramp.o
       848        292         69          0          0          0   cmd_self_test.o
       138         64          0          0          0          0   cmd_start.o
       300         92          0          0          9          0   cmd_timer.o
       194         12          0          0          0          0   ddl.o
       188         24          0          0          0          0   gpio.o
      1980        140         82          5         52          0   instruction_manager.o
       368         16          0          0          0          0   interrupts_hc32f005.o
       738         40          0          0         72          0   main.o
        60         22        192          0        512          0   startup_hc32f005.o
       204         44          0          0          0          0   sysctrl.o
        16          4          0          4          0          0   system_hc32f005.o
       136          8          0          0          0          0   uart.o

    ----------------------------------------------------------------------
      8236       1766       1708         12       1044          0   Object Totals
         0          0         32          0          0          0   (incl. Generated)
        10          0          8          3         36          0   (incl. Padding)

    ----------------------------------------------------------------------

      Code (inc. data)   RO Data    RW Data    ZI Data      Debug   Library Member Name

        42          0          0          0          0          0   atof.o
        88         16          0          0          0          0   frexp.o
       216         10          0          0          0          0   narrow.o
        20          0          0          0          0          0   strtof.o
        68          0          0          0          0          0   _sgetc.o
         8          4        133          0          0          0   ctype_o.o
         0          0          0          0          0          0   entry.o
         0          0          0          0          0          0   entry10a.o
         0          0          0          0          0          0   entry11a.o
         8          4          0          0          0          0   entry2.o
         4          0          0          0          0          0   entry5.o
         0          0          0          0          0          0   entry7b.o
         0          0          0          0          0          0   entry8b.o
         8          4          0          0          0          0   entry9a.o
        24         12          0          4          0          0   errno.o
        30          0          0          0          0          0   handlers.o
        36          8          0          0          0          0   init.o
        18          0          0          0          0          0   isspace_o.o
         0          0          0          0          0          0   iusefp.o
       122          0          0          0          0          0   llmul.o
        32          0          0          0          0          0   llshl.o
        38          0          0          0          0          0   llsshr.o
        34          0          0          0          0          0   llushr.o
        36          0          0          0          0          0   memseta.o
      2252         98          0          0          0          0   printfa.o
        32          4          0          0          0          0   puts.o
       898         12          0          0          0          0   scanf_fp.o
         0          0          0          4          0          0   stdout.o
        20          0          0          0          0          0   strchr.o
        18          0          0          0          0          0   strcpy.o
        14          0          0          0          0          0   strlen.o
        30          0          0          0          0          0   strncmp.o
        26          0          0          0          0          0   strncpy.o
        32          0          0          0          0          0   strpbrk.o
       164         18          0          0          0          0   strtod.o
        26          0          0          0          0          0   strtof.o
        12          0          0          0          0          0   tolower.o
        44          0          0          0          0          0   uidiv.o
        96          0          0          0          0          0   uldiv.o
        40          2          0          0          0          0   cdcmple.o
        40          2          0          0          0          0   cdrcmple.o
        56          0          0          0          0          0   d2f.o
       356          4          0          0          0          0   dadd.o
       240          6          0          0          0          0   ddiv.o
       236          0          0          0          0          0   depilogue.o
        64         10          0          0          0          0   dfixul.o
        28          6          0          0          0          0   dfltul.o
       208          6          0          0          0          0   dmul.o
        44          0          0          0          0          0   dscalb.o
        40          0          0          0          0          0   f2d.o
       178          0          0          0          0          0   fadd.o
        28          0          0          0          0          0   fcmpge.o
        28          0          0          0          0          0   fcmpgt.o
        28          0          0          0          0          0   fcmple.o
        28          0          0          0          0          0   fcmplt.o
       124          0          0          0          0          0   fdiv.o
       130          0          0          0          0          0   fepilogue.o
        40          0          0          0          0          0   ffixui.o
        14          0          0          0          0          0   ffltui.o
       122          0          0          0          0          0   fmul.o
         4          0          0          0          0          0   fpstat.o

    ----------------------------------------------------------------------
      6580        226        136          8          0          0   Library Totals
         8          0          3          0          0          0   (incl. Padding)

    ----------------------------------------------------------------------

      Code (inc. data)   RO Data    RW Data    ZI Data      Debug   Library Name

       366         26          0          0          0          0   m_ps.l
      4130        164        133          8          0          0   mc_p.l
      2076         36          0          0          0          0   mf_p.l

    ----------------------------------------------------------------------
      6580        226        136          8          0          0   Library Totals

    ----------------------------------------------------------------------

==============================================================================


      Code (inc. data)   RO Data    RW Data    ZI Data      Debug   

     14816       1992       1844         20       1044          0   Grand Totals
     14816       1992       1844         20       1044          0   ELF Image Totals
     14816       1992       1844         20          0          0   ROM Totals

==============================================================================

    Total RO  Size (Code + RO Data)                16660 (  16.27kB)
    Total RW  Size (RW Data + ZI Data)              1064 (   1.04kB)
    Total ROM Size (Code + RO Data + RW Data)      16680 (  16.29kB)

==============================================================================

